Component: ARM Compiler 5.06 update 1 (build 61) Tool: armlink [4d35a8]

==============================================================================

Section Cross References

    startup_stm32f042x6.o(RESET) refers to startup_stm32f042x6.o(STACK) for __initial_sp
    startup_stm32f042x6.o(RESET) refers to startup_stm32f042x6.o(.text) for Reset_Handler
    startup_stm32f042x6.o(RESET) refers to stm32f0xx_it.o(i.NMI_Handler) for NMI_Handler
    startup_stm32f042x6.o(RESET) refers to stm32f0xx_it.o(i.HardFault_Handler) for HardFault_Handler
    startup_stm32f042x6.o(RESET) refers to port.o(i.SVC_Handler) for SVC_Handler
    startup_stm32f042x6.o(RESET) refers to port.o(.emb_text) for PendSV_Handler
    startup_stm32f042x6.o(RESET) refers to stm32f0xx_it.o(i.SysTick_Handler) for SysTick_Handler
    startup_stm32f042x6.o(RESET) refers to stm32f0xx_it.o(i.TIM3_IRQHandler) for TIM3_IRQHandler
    startup_stm32f042x6.o(RESET) refers to stm32f0xx_it.o(i.TIM17_IRQHandler) for TIM17_IRQHandler
    startup_stm32f042x6.o(RESET) refers to stm32f0xx_it.o(i.SPI1_IRQHandler) for SPI1_IRQHandler
    startup_stm32f042x6.o(RESET) refers to stm32f0xx_it.o(i.USB_IRQHandler) for USB_IRQHandler
    startup_stm32f042x6.o(.text) refers to startup_stm32f042x6.o(STACK) for __initial_sp
    startup_stm32f042x6.o(.text) refers to system_stm32f0xx.o(i.SystemInit) for SystemInit
    startup_stm32f042x6.o(.text) refers to entry.o(.ARM.Collect$$$$00000000) for __main
    stm32f0xx_hal_tim_ex.o(i.HAL_TIMEx_ConfigCommutationEvent_DMA) refers to stm32f0xx_hal_tim_ex.o(i.TIMEx_DMACommutationCplt) for TIMEx_DMACommutationCplt
    stm32f0xx_hal_tim_ex.o(i.HAL_TIMEx_ConfigCommutationEvent_DMA) refers to stm32f0xx_hal_tim.o(i.TIM_DMAError) for TIM_DMAError
    stm32f0xx_hal_tim_ex.o(i.HAL_TIMEx_HallSensor_DeInit) refers to stm32f0xx_hal_tim_ex.o(i.HAL_TIMEx_HallSensor_MspDeInit) for HAL_TIMEx_HallSensor_MspDeInit
    stm32f0xx_hal_tim_ex.o(i.HAL_TIMEx_HallSensor_Init) refers to stm32f0xx_hal_tim_ex.o(i.HAL_TIMEx_HallSensor_MspInit) for HAL_TIMEx_HallSensor_MspInit
    stm32f0xx_hal_tim_ex.o(i.HAL_TIMEx_HallSensor_Init) refers to stm32f0xx_hal_tim.o(i.TIM_Base_SetConfig) for TIM_Base_SetConfig
    stm32f0xx_hal_tim_ex.o(i.HAL_TIMEx_HallSensor_Init) refers to stm32f0xx_hal_tim.o(i.TIM_TI1_SetConfig) for TIM_TI1_SetConfig
    stm32f0xx_hal_tim_ex.o(i.HAL_TIMEx_HallSensor_Init) refers to stm32f0xx_hal_tim.o(i.TIM_OC2_SetConfig) for TIM_OC2_SetConfig
    stm32f0xx_hal_tim_ex.o(i.HAL_TIMEx_HallSensor_Start) refers to stm32f0xx_hal_tim.o(i.TIM_CCxChannelCmd) for TIM_CCxChannelCmd
    stm32f0xx_hal_tim_ex.o(i.HAL_TIMEx_HallSensor_Start_DMA) refers to stm32f0xx_hal_tim.o(i.TIM_CCxChannelCmd) for TIM_CCxChannelCmd
    stm32f0xx_hal_tim_ex.o(i.HAL_TIMEx_HallSensor_Start_DMA) refers to stm32f0xx_hal_dma.o(i.HAL_DMA_Start_IT) for HAL_DMA_Start_IT
    stm32f0xx_hal_tim_ex.o(i.HAL_TIMEx_HallSensor_Start_DMA) refers to stm32f0xx_hal_tim.o(i.TIM_DMACaptureCplt) for TIM_DMACaptureCplt
    stm32f0xx_hal_tim_ex.o(i.HAL_TIMEx_HallSensor_Start_DMA) refers to stm32f0xx_hal_tim.o(i.TIM_DMAError) for TIM_DMAError
    stm32f0xx_hal_tim_ex.o(i.HAL_TIMEx_HallSensor_Start_IT) refers to stm32f0xx_hal_tim.o(i.TIM_CCxChannelCmd) for TIM_CCxChannelCmd
    stm32f0xx_hal_tim_ex.o(i.HAL_TIMEx_HallSensor_Stop) refers to stm32f0xx_hal_tim.o(i.TIM_CCxChannelCmd) for TIM_CCxChannelCmd
    stm32f0xx_hal_tim_ex.o(i.HAL_TIMEx_HallSensor_Stop_DMA) refers to stm32f0xx_hal_tim.o(i.TIM_CCxChannelCmd) for TIM_CCxChannelCmd
    stm32f0xx_hal_tim_ex.o(i.HAL_TIMEx_HallSensor_Stop_IT) refers to stm32f0xx_hal_tim.o(i.TIM_CCxChannelCmd) for TIM_CCxChannelCmd
    stm32f0xx_hal_tim_ex.o(i.HAL_TIMEx_OCN_Start) refers to stm32f0xx_hal_tim_ex.o(i.TIM_CCxNChannelCmd) for TIM_CCxNChannelCmd
    stm32f0xx_hal_tim_ex.o(i.HAL_TIMEx_OCN_Start_DMA) refers to stm32f0xx_hal_dma.o(i.HAL_DMA_Start_IT) for HAL_DMA_Start_IT
    stm32f0xx_hal_tim_ex.o(i.HAL_TIMEx_OCN_Start_DMA) refers to stm32f0xx_hal_tim_ex.o(i.TIM_CCxNChannelCmd) for TIM_CCxNChannelCmd
    stm32f0xx_hal_tim_ex.o(i.HAL_TIMEx_OCN_Start_DMA) refers to stm32f0xx_hal_tim.o(i.TIM_DMADelayPulseCplt) for TIM_DMADelayPulseCplt
    stm32f0xx_hal_tim_ex.o(i.HAL_TIMEx_OCN_Start_DMA) refers to stm32f0xx_hal_tim.o(i.TIM_DMAError) for TIM_DMAError
    stm32f0xx_hal_tim_ex.o(i.HAL_TIMEx_OCN_Start_IT) refers to stm32f0xx_hal_tim_ex.o(i.TIM_CCxNChannelCmd) for TIM_CCxNChannelCmd
    stm32f0xx_hal_tim_ex.o(i.HAL_TIMEx_OCN_Stop) refers to stm32f0xx_hal_tim_ex.o(i.TIM_CCxNChannelCmd) for TIM_CCxNChannelCmd
    stm32f0xx_hal_tim_ex.o(i.HAL_TIMEx_OCN_Stop_DMA) refers to stm32f0xx_hal_tim_ex.o(i.TIM_CCxNChannelCmd) for TIM_CCxNChannelCmd
    stm32f0xx_hal_tim_ex.o(i.HAL_TIMEx_OCN_Stop_IT) refers to stm32f0xx_hal_tim_ex.o(i.TIM_CCxNChannelCmd) for TIM_CCxNChannelCmd
    stm32f0xx_hal_tim_ex.o(i.HAL_TIMEx_OnePulseN_Start) refers to stm32f0xx_hal_tim_ex.o(i.TIM_CCxNChannelCmd) for TIM_CCxNChannelCmd
[...]
    ..\Drivers\STM32F0xx_HAL_Driver\Src\stm32f0xx_hal_flash_ex.c 0x00000000   Number         0  stm32f0xx_hal_flash_ex.o ABSOLUTE
    ..\Drivers\STM32F0xx_HAL_Driver\Src\stm32f0xx_hal_gpio.c 0x00000000   Number         0  stm32f0xx_hal_gpio.o ABSOLUTE
    ..\Drivers\STM32F0xx_HAL_Driver\Src\stm32f0xx_hal_i2c.c 0x00000000   Number         0  stm32f0xx_hal_i2c.o ABSOLUTE
    ..\Drivers\STM32F0xx_HAL_Driver\Src\stm32f0xx_hal_i2c_ex.c 0x00000000   Number         0  stm32f0xx_hal_i2c_ex.o ABSOLUTE
    ..\Drivers\STM32F0xx_HAL_Driver\Src\stm32f0xx_hal_pcd.c 0x00000000   Number         0  stm32f0xx_hal_pcd.o ABSOLUTE
    ..\Drivers\STM32F0xx_HAL_Driver\Src\stm32f0xx_hal_pcd_ex.c 0x00000000   Number         0  stm32f0xx_hal_pcd_ex.o ABSOLUTE
    ..\Drivers\STM32F0xx_HAL_Driver\Src\stm32f0xx_hal_pwr.c 0x00000000   Number         0  stm32f0xx_hal_pwr.o ABSOLUTE
    ..\Drivers\STM32F0xx_HAL_Driver\Src\stm32f0xx_hal_pwr_ex.c 0x00000000   Number         0  stm32f0xx_hal_pwr_ex.o ABSOLUTE
    ..\Drivers\STM32F0xx_HAL_Driver\Src\stm32f0xx_hal_rcc.c 0x00000000   Number         0  stm32f0xx_hal_rcc.o ABSOLUTE
    ..\Drivers\STM32F0xx_HAL_Driver\Src\stm32f0xx_hal_rcc_ex.c 0x00000000   Number         0  stm32f0xx_hal_rcc_ex.o ABSOLUTE
    ..\Drivers\STM32F0xx_HAL_Driver\Src\stm32f0xx_hal_spi.c 0x00000000   Number         0  stm32f0xx_hal_spi.o ABSOLUTE
    ..\Drivers\STM32F0xx_HAL_Driver\Src\stm32f0xx_hal_spi_ex.c 0x00000000   Number         0  stm32f0xx_hal_spi_ex.o ABSOLUTE
    ..\Drivers\STM32F0xx_HAL_Driver\Src\stm32f0xx_hal_tim.c 0x00000000   Number         0  stm32f0xx_hal_tim.o ABSOLUTE
    ..\Drivers\STM32F0xx_HAL_Driver\Src\stm32f0xx_hal_tim_ex.c 0x00000000   Number         0  stm32f0xx_hal_tim_ex.o ABSOLUTE
    ..\Drivers\STM32F0xx_HAL_Driver\Src\stm32f0xx_hal_uart.c 0x00000000   Number         0  stm32f0xx_hal_uart.o ABSOLUTE
    ..\Drivers\STM32F0xx_HAL_Driver\Src\stm32f0xx_hal_uart_ex.c 0x00000000   Number         0  stm32f0xx_hal_uart_ex.o ABSOLUTE
    ..\Middlewares\ST\STM32_USB_Device_Library\Class\CDC\Src\usbd_cdc.c 0x00000000   Number         0  usbd_cdc.o ABSOLUTE
    ..\Middlewares\ST\STM32_USB_Device_Library\Core\Src\usbd_core.c 0x00000000   Number         0  usbd_core.o ABSOLUTE
    ..\Middlewares\ST\STM32_USB_Device_Library\Core\Src\usbd_ctlreq.c 0x00000000   Number         0  usbd_ctlreq.o ABSOLUTE
    ..\Middlewares\ST\STM32_USB_Device_Library\Core\Src\usbd_ioreq.c 0x00000000   Number         0  usbd_ioreq.o ABSOLUTE
    ..\Middlewares\Third_Party\FreeRTOS\Source\CMSIS_RTOS\cmsis_os.c 0x00000000   Number         0  cmsis_os.o ABSOLUTE
    ..\Middlewares\Third_Party\FreeRTOS\Source\portable\RVDS\ARM_CM0\port.c 0x00000000   Number         0  port.o ABSOLUTE
    ..\Src\freertos.c                        0x00000000   Number         0  freertos.o ABSOLUTE
    ..\Src\gpio.c                            0x00000000   Number         0  gpio.o ABSOLUTE
    ..\Src\main.c                            0x00000000   Number         0  main.o ABSOLUTE
    ..\Src\spi.c                             0x00000000   Number         0  spi.o ABSOLUTE
    ..\Src\stm32f0xx_hal_msp.c               0x00000000   Number         0  stm32f0xx_hal_msp.o ABSOLUTE
    ..\Src\stm32f0xx_it.c                    0x00000000   Number         0  stm32f0xx_it.o ABSOLUTE
    ..\Src\tim.c                             0x00000000   Number         0  tim.o ABSOLUTE
    ..\Src\usart.c                           0x00000000   Number         0  usart.o ABSOLUTE
    ..\Src\usb_device.c                      0x00000000   Number         0  usb_device.o ABSOLUTE
    ..\Src\usbd_cdc_if.c                     0x00000000   Number         0  usbd_cdc_if.o ABSOLUTE
    ..\Src\usbd_conf.c                       0x00000000   Number         0  usbd_conf.o ABSOLUTE
    ..\Src\usbd_desc.c                       0x00000000   Number         0  usbd_desc.o ABSOLUTE
    dc.s                                     0x00000000   Number         0  dc.o ABSOLUTE
    handlers.s                               0x00000000   Number         0  handlers.o ABSOLUTE
    init.s                                   0x00000000   Number         0  init.o ABSOLUTE
    startup_stm32f042x6.s                    0x00000000   Number         0  startup_stm32f042x6.o ABSOLUTE
    RESET                                    0x08000000   Section      192  startup_stm32f042x6.o(RESET)
    .ARM.Collect$$$$00000000                 0x080000c0   Section        0  entry.o(.ARM.Collect$$$$00000000)
    .ARM.Collect$$$$00000001                 0x080000c0   Section        4  entry2.o(.ARM.Collect$$$$00000001)
    .ARM.Collect$$$$00000004                 0x080000c4   Section        4  entry5.o(.ARM.Collect$$$$00000004)
    .ARM.Collect$$$$00000008                 0x080000c8   Section        0  entry7b.o(.ARM.Collect$$$$00000008)
    .ARM.Collect$$$$0000000A                 0x080000c8   Section        0  entry8b.o(.ARM.Collect$$$$0000000A)
    .ARM.Collect$$$$0000000B                 0x080000c8   Section        8  entry9a.o(.ARM.Collect$$$$0000000B)
    .ARM.Collect$$$$0000000D                 0x080000d0   Section        0  entry10a.o(.ARM.Collect$$$$0000000D)
    .ARM.Collect$$$$0000000F                 0x080000d0   Section        0  entry11a.o(.ARM.Collect$$$$0000000F)
    .ARM.Collect$$$$00002712                 0x080000d0   Section        4  entry2.o(.ARM.Collect$$$$00002712)
    __lit__00000000                          0x080000d0   Data           4  entry2.o(.ARM.Collect$$$$00002712)
    .emb_text                                0x080000d4   Section      112  port.o(.emb_text)
    .text                                    0x08000144   Section       88  startup_stm32f042x6.o(.text)
    .text                                    0x0800019c   Section        0  uidiv.o(.text)
    .text                                    0x080001c8   Section        0  memcpya.o(.text)
    .text                                    0x080001ec   Section        0  memseta.o(.text)
    .text                                    0x08000210   Section       36  init.o(.text)
    .text                                    0x08000234   Section        0  __dczerorl2.o(.text)
    i.CDC_Control_FS                         0x0800028a   Section        0  usbd_cdc_if.o(i.CDC_Control_FS)
    CDC_Control_FS                           0x0800028b   Thumb Code     4  usbd_cdc_if.o(i.CDC_Control_FS)
    i.CDC_DeInit_FS                          0x0800028e   Section        0  usbd_cdc_if.o(i.CDC_DeInit_FS)
    CDC_DeInit_FS                            0x0800028f   Thumb Code     4  usbd_cdc_if.o(i.CDC_DeInit_FS)
    i.CDC_Init_FS                            0x08000294   Section        0  usbd_cdc_if.o(i.CDC_Init_FS)
    CDC_Init_FS                              0x08000295   Thumb Code    26  usbd_cdc_if.o(i.CDC_Init_FS)
    i.CDC_Receive_FS                         0x080002b8   Section        0  usbd_cdc_if.o(i.CDC_Receive_FS)
    CDC_Receive_FS                           0x080002b9   Thumb Code    34  usbd_cdc_if.o(i.CDC_Receive_FS)
    i.CDC_Transmit_FS                        0x080002e0   Section        0  usbd_cdc_if.o(i.CDC_Transmit_FS)
    i.DelayMKS                               0x08000310   Section        0  freertos.o(i.DelayMKS)
    i.Error_Handler                          0x08000320   Section        0  main.o(i.Error_Handler)
    i.HAL_GPIO_Init                          0x08000324   Section        0  stm32f0xx_hal_gpio.o(i.HAL_GPIO_Init)
    i.HAL_GPIO_WritePin                      0x08000460   Section        0  stm32f0xx_hal_gpio.o(i.HAL_GPIO_WritePin)
    i.HAL_GetTick                            0x0800046c   Section        0  stm32f0xx_hal.o(i.HAL_GetTick)
    i.HAL_IncTick                            0x08000478   Section        0  stm32f0xx_hal.o(i.HAL_IncTick)
    i.HAL_Init                               0x08000488   Section        0  stm32f0xx_hal.o(i.HAL_Init)
    i.HAL_InitTick                           0x080004a8   Section        0  stm32f0xx_hal.o(i.HAL_InitTick)
    i.HAL_MspInit                            0x080004cc   Section        0  stm32f0xx_hal_msp.o(i.HAL_MspInit)
    i.HAL_NVIC_EnableIRQ                     0x08000510   Section        0  stm32f0xx_hal_cortex.o(i.HAL_NVIC_EnableIRQ)
    i.HAL_NVIC_SetPriority                   0x08000524   Section        0  stm32f0xx_hal_cortex.o(i.HAL_NVIC_SetPriority)
    i.HAL_PCDEx_PMAConfig                    0x0800052c   Section        0  stm32f0xx_hal_pcd_ex.o(i.HAL_PCDEx_PMAConfig)
    i.HAL_PCD_DataInStageCallback            0x08000566   Section        0  usbd_conf.o(i.HAL_PCD_DataInStageCallback)
    i.HAL_PCD_DataOutStageCallback           0x0800057e   Section        0  usbd_conf.o(i.HAL_PCD_DataOutStageCallback)
    i.HAL_PCD_EP_Close                       0x0800059c   Section        0  stm32f0xx_hal_pcd.o(i.HAL_PCD_EP_Close)
    i.HAL_PCD_EP_ClrStall                    0x08000704   Section        0  stm32f0xx_hal_pcd.o(i.HAL_PCD_EP_ClrStall)
    i.HAL_PCD_EP_GetRxCount                  0x080007b8   Section        0  stm32f0xx_hal_pcd.o(i.HAL_PCD_EP_GetRxCount)
    i.HAL_PCD_EP_Open                        0x080007cc   Section        0  stm32f0xx_hal_pcd.o(i.HAL_PCD_EP_Open)
    i.HAL_PCD_EP_Receive                     0x08000a70   Section        0  stm32f0xx_hal_pcd.o(i.HAL_PCD_EP_Receive)
    i.HAL_PCD_EP_SetStall                    0x08000ba8   Section        0  stm32f0xx_hal_pcd.o(i.HAL_PCD_EP_SetStall)
    i.HAL_PCD_EP_Transmit                    0x08000c3c   Section        0  stm32f0xx_hal_pcd.o(i.HAL_PCD_EP_Transmit)
    i.HAL_PCD_IRQHandler                     0x08000dc8   Section        0  stm32f0xx_hal_pcd.o(i.HAL_PCD_IRQHandler)
    i.HAL_PCD_Init                           0x08000ed4   Section        0  stm32f0xx_hal_pcd.o(i.HAL_PCD_Init)
    i.HAL_PCD_MspInit                        0x08000f70   Section        0  usbd_conf.o(i.HAL_PCD_MspInit)
    i.HAL_PCD_ResetCallback                  0x08000fa8   Section        0  usbd_conf.o(i.HAL_PCD_ResetCallback)
    i.HAL_PCD_ResumeCallback                 0x08000fc0   Section        0  usbd_conf.o(i.HAL_PCD_ResumeCallback)
    i.HAL_PCD_SOFCallback                    0x08000fec   Section        0  usbd_conf.o(i.HAL_PCD_SOFCallback)
    i.HAL_PCD_SetAddress                     0x08000ffc   Section        0  stm32f0xx_hal_pcd.o(i.HAL_PCD_SetAddress)
    i.HAL_PCD_SetupStageCallback             0x08001028   Section        0  usbd_conf.o(i.HAL_PCD_SetupStageCallback)
    i.HAL_PCD_Start                          0x0800103e   Section        0  stm32f0xx_hal_pcd.o(i.HAL_PCD_Start)
    i.HAL_PCD_SuspendCallback                0x08001050   Section        0  usbd_conf.o(i.HAL_PCD_SuspendCallback)
    i.HAL_RCCEx_CRSConfig                    0x08001078   Section        0  stm32f0xx_hal_rcc_ex.o(i.HAL_RCCEx_CRSConfig)
    i.HAL_RCCEx_PeriphCLKConfig              0x080010c0   Section        0  stm32f0xx_hal_rcc_ex.o(i.HAL_RCCEx_PeriphCLKConfig)
    i.HAL_RCC_ClockConfig                    0x080011cc   Section        0  stm32f0xx_hal_rcc.o(i.HAL_RCC_ClockConfig)
    i.HAL_RCC_GetHCLKFreq                    0x08001320   Section        0  stm32f0xx_hal_rcc.o(i.HAL_RCC_GetHCLKFreq)
    i.HAL_RCC_GetPCLK1Freq                   0x0800132c   Section        0  stm32f0xx_hal_rcc.o(i.HAL_RCC_GetPCLK1Freq)
    i.HAL_RCC_GetSysClockFreq                0x0800134c   Section        0  stm32f0xx_hal_rcc.o(i.HAL_RCC_GetSysClockFreq)
    i.HAL_RCC_OscConfig                      0x080013d4   Section        0  stm32f0xx_hal_rcc.o(i.HAL_RCC_OscConfig)
    i.HAL_RS485Ex_Init                       0x080017ac   Section        0  stm32f0xx_hal_uart_ex.o(i.HAL_RS485Ex_Init)
    i.HAL_SPI_ErrorCallback                  0x0800183c   Section        0  stm32f0xx_hal_spi.o(i.HAL_SPI_ErrorCallback)
    i.HAL_SPI_IRQHandler                     0x0800183e   Section        0  stm32f0xx_hal_spi.o(i.HAL_SPI_IRQHandler)
    i.HAL_SPI_Init                           0x080018c8   Section        0  stm32f0xx_hal_spi.o(i.HAL_SPI_Init)
    i.HAL_SPI_MspInit                        0x08001998   Section        0  spi.o(i.HAL_SPI_MspInit)
    i.HAL_SPI_Transmit                       0x080019ec   Section        0  stm32f0xx_hal_spi.o(i.HAL_SPI_Transmit)
    i.HAL_SYSTICK_CLKSourceConfig            0x08001b60   Section        0  stm32f0xx_hal_cortex.o(i.HAL_SYSTICK_CLKSourceConfig)
    i.HAL_SYSTICK_Config                     0x08001b78   Section        0  stm32f0xx_hal_cortex.o(i.HAL_SYSTICK_Config)
    i.HAL_TIMEx_BreakCallback                0x08001ba8   Section        0  stm32f0xx_hal_tim_ex.o(i.HAL_TIMEx_BreakCallback)
    i.HAL_TIMEx_CommutationCallback          0x08001baa   Section        0  stm32f0xx_hal_tim_ex.o(i.HAL_TIMEx_CommutationCallback)
    i.HAL_TIMEx_MasterConfigSynchronization  0x08001bac   Section        0  stm32f0xx_hal_tim_ex.o(i.HAL_TIMEx_MasterConfigSynchronization)
    i.HAL_TIM_Base_Init                      0x08001bf4   Section        0  stm32f0xx_hal_tim.o(i.HAL_TIM_Base_Init)
    i.HAL_TIM_Base_MspInit                   0x08001c28   Section        0  tim.o(i.HAL_TIM_Base_MspInit)
    i.HAL_TIM_Base_Start_IT                  0x08001c84   Section        0  stm32f0xx_hal_tim.o(i.HAL_TIM_Base_Start_IT)
    i.HAL_TIM_ConfigClockSource              0x08001c9a   Section        0  stm32f0xx_hal_tim.o(i.HAL_TIM_ConfigClockSource)
    i.HAL_TIM_IC_CaptureCallback             0x08001d88   Section        0  stm32f0xx_hal_tim.o(i.HAL_TIM_IC_CaptureCallback)
    i.HAL_TIM_IRQHandler                     0x08001d8a   Section        0  stm32f0xx_hal_tim.o(i.HAL_TIM_IRQHandler)
    i.HAL_TIM_OC_DelayElapsedCallback        0x08001eec   Section        0  stm32f0xx_hal_tim.o(i.HAL_TIM_OC_DelayElapsedCallback)
    i.HAL_TIM_PWM_PulseFinishedCallback      0x08001eee   Section        0  stm32f0xx_hal_tim.o(i.HAL_TIM_PWM_PulseFinishedCallback)
    i.HAL_TIM_PeriodElapsedCallback          0x08001ef0   Section        0  freertos.o(i.HAL_TIM_PeriodElapsedCallback)
    i.HAL_TIM_TriggerCallback                0x08001f10   Section        0  stm32f0xx_hal_tim.o(i.HAL_TIM_TriggerCallback)
    i.HAL_UART_MspInit                       0x08001f14   Section        0  usart.o(i.HAL_UART_MspInit)
    i.HardFault_Handler                      0x08001f6c   Section        0  stm32f0xx_it.o(i.HardFault_Handler)
    i.MX_FREERTOS_Init                       0x08001f70   Section        0  freertos.o(i.MX_FREERTOS_Init)
    i.MX_GPIO_Init                           0x08001f98   Section        0  gpio.o(i.MX_GPIO_Init)
    i.MX_SPI1_Init                           0x08002018   Section        0  spi.o(i.MX_SPI1_Init)
    i.MX_TIM17_Init                          0x08002064   Section        0  tim.o(i.MX_TIM17_Init)
    i.MX_TIM3_Init                           0x08002094   Section        0  tim.o(i.MX_TIM3_Init)
    i.MX_USART2_UART_Init                    0x080020f8   Section        0  usart.o(i.MX_USART2_UART_Init)
    i.MX_USB_DEVICE_Init                     0x08002138   Section        0  usb_device.o(i.MX_USB_DEVICE_Init)
    i.NMI_Handler                            0x0800216c   Section        0  stm32f0xx_it.o(i.NMI_Handler)
    i.NVIC_SetPriority                       0x08002170   Section        0  stm32f0xx_hal_cortex.o(i.NVIC_SetPriority)
    NVIC_SetPriority                         0x08002171   Thumb Code    60  stm32f0xx_hal_cortex.o(i.NVIC_SetPriority)
    i.PCD_EP_ISR_Handler                     0x080021b4   Section        0  stm32f0xx_hal_pcd.o(i.PCD_EP_ISR_Handler)
    PCD_EP_ISR_Handler                       0x080021b5   Thumb Code   802  stm32f0xx_hal_pcd.o(i.PCD_EP_ISR_Handler)
    i.PCD_ReadPMA                            0x080024ec   Section        0  stm32f0xx_hal_pcd.o(i.PCD_ReadPMA)
    i.PCD_WritePMA                           0x0800250a   Section        0  stm32f0xx_hal_pcd.o(i.PCD_WritePMA)
    i.SPI1_IRQHandler                        0x08002530   Section        0  stm32f0xx_it.o(i.SPI1_IRQHandler)
    i.SPI_EndRxTxTransaction                 0x08002540   Section        0  stm32f0xx_hal_spi.o(i.SPI_EndRxTxTransaction)
    SPI_EndRxTxTransaction                   0x08002541   Thumb Code    50  stm32f0xx_hal_spi.o(i.SPI_EndRxTxTransaction)
    i.SPI_WaitFifoStateUntilTimeout          0x08002574   Section        0  stm32f0xx_hal_spi.o(i.SPI_WaitFifoStateUntilTimeout)
    SPI_WaitFifoStateUntilTimeout            0x08002575   Thumb Code   158  stm32f0xx_hal_spi.o(i.SPI_WaitFifoStateUntilTimeout)
    i.SPI_WaitFlagStateUntilTimeout          0x08002618   Section        0  stm32f0xx_hal_spi.o(i.SPI_WaitFlagStateUntilTimeout)
    SPI_WaitFlagStateUntilTimeout            0x08002619   Thumb Code   138  stm32f0xx_hal_spi.o(i.SPI_WaitFlagStateUntilTimeout)
    i.SVC_Handler                            0x080026a8   Section        0  port.o(i.SVC_Handler)
    i.StartDefaultTask                       0x080026ac   Section        0  freertos.o(i.StartDefaultTask)
    i.SysTick_Handler                        0x0800275c   Section        0  stm32f0xx_it.o(i.SysTick_Handler)
    i.SystemClock_Config                     0x08002768   Section        0  main.o(i.SystemClock_Config)
    i.SystemInit                             0x08002814   Section        0  system_stm32f0xx.o(i.SystemInit)
    i.TIM17_IRQHandler                       0x08002870   Section        0  stm32f0xx_it.o(i.TIM17_IRQHandler)
    i.TIM3_IRQHandler                        0x08002880   Section        0  stm32f0xx_it.o(i.TIM3_IRQHandler)
    i.TIM_Base_SetConfig                     0x08002890   Section        0  stm32f0xx_hal_tim.o(i.TIM_Base_SetConfig)
    i.TIM_ETR_SetConfig                      0x0800290c   Section        0  stm32f0xx_hal_tim.o(i.TIM_ETR_SetConfig)
    i.TIM_ITRx_SetConfig                     0x08002922   Section        0  stm32f0xx_hal_tim.o(i.TIM_ITRx_SetConfig)
    TIM_ITRx_SetConfig                       0x08002923   Thumb Code    16  stm32f0xx_hal_tim.o(i.TIM_ITRx_SetConfig)
    i.TIM_TI1_ConfigInputStage               0x08002932   Section        0  stm32f0xx_hal_tim.o(i.TIM_TI1_ConfigInputStage)
    TIM_TI1_ConfigInputStage                 0x08002933   Thumb Code    34  stm32f0xx_hal_tim.o(i.TIM_TI1_ConfigInputStage)
    i.TIM_TI2_ConfigInputStage               0x08002954   Section        0  stm32f0xx_hal_tim.o(i.TIM_TI2_ConfigInputStage)
    TIM_TI2_ConfigInputStage                 0x08002955   Thumb Code    38  stm32f0xx_hal_tim.o(i.TIM_TI2_ConfigInputStage)
    i.UART_AdvFeatureConfig                  0x0800297a   Section        0  stm32f0xx_hal_uart.o(i.UART_AdvFeatureConfig)
    i.UART_CheckIdleState                    0x08002a44   Section        0  stm32f0xx_hal_uart.o(i.UART_CheckIdleState)
    i.UART_SetConfig                         0x08002aa4   Section        0  stm32f0xx_hal_uart.o(i.UART_SetConfig)
    i.UART_WaitOnFlagUntilTimeout            0x08002bd4   Section        0  stm32f0xx_hal_uart.o(i.UART_WaitOnFlagUntilTimeout)
    i.USBD_CDC_DataIn                        0x08002c86   Section        0  usbd_cdc.o(i.USBD_CDC_DataIn)
    USBD_CDC_DataIn                          0x08002c87   Thumb Code    30  usbd_cdc.o(i.USBD_CDC_DataIn)
    i.USBD_CDC_DataOut                       0x08002ca4   Section        0  usbd_cdc.o(i.USBD_CDC_DataOut)
    USBD_CDC_DataOut                         0x08002ca5   Thumb Code    52  usbd_cdc.o(i.USBD_CDC_DataOut)
    i.USBD_CDC_DeInit                        0x08002cd8   Section        0  usbd_cdc.o(i.USBD_CDC_DeInit)
    USBD_CDC_DeInit                          0x08002cd9   Thumb Code    60  usbd_cdc.o(i.USBD_CDC_DeInit)
    i.USBD_CDC_EP0_RxReady                   0x08002d14   Section        0  usbd_cdc.o(i.USBD_CDC_EP0_RxReady)
    USBD_CDC_EP0_RxReady                     0x08002d15   Thumb Code    40  usbd_cdc.o(i.USBD_CDC_EP0_RxReady)
    i.USBD_CDC_GetDeviceQualifierDescriptor  0x08002d3c   Section        0  usbd_cdc.o(i.USBD_CDC_GetDeviceQualifierDescriptor)
    i.USBD_CDC_GetFSCfgDesc                  0x08002d48   Section        0  usbd_cdc.o(i.USBD_CDC_GetFSCfgDesc)
    USBD_CDC_GetFSCfgDesc                    0x08002d49   Thumb Code     8  usbd_cdc.o(i.USBD_CDC_GetFSCfgDesc)
    i.USBD_CDC_GetHSCfgDesc                  0x08002d54   Section        0  usbd_cdc.o(i.USBD_CDC_GetHSCfgDesc)
    USBD_CDC_GetHSCfgDesc                    0x08002d55   Thumb Code     8  usbd_cdc.o(i.USBD_CDC_GetHSCfgDesc)
    i.USBD_CDC_GetOtherSpeedCfgDesc          0x08002d60   Section        0  usbd_cdc.o(i.USBD_CDC_GetOtherSpeedCfgDesc)
    USBD_CDC_GetOtherSpeedCfgDesc            0x08002d61   Thumb Code     8  usbd_cdc.o(i.USBD_CDC_GetOtherSpeedCfgDesc)
    i.USBD_CDC_Init                          0x08002d6c   Section        0  usbd_cdc.o(i.USBD_CDC_Init)
    USBD_CDC_Init                            0x08002d6d   Thumb Code   138  usbd_cdc.o(i.USBD_CDC_Init)
    i.USBD_CDC_ReceivePacket                 0x08002df6   Section        0  usbd_cdc.o(i.USBD_CDC_ReceivePacket)
    i.USBD_CDC_RegisterInterface             0x08002e2e   Section        0  usbd_cdc.o(i.USBD_CDC_RegisterInterface)
    i.USBD_CDC_SetRxBuffer                   0x08002e42   Section        0  usbd_cdc.o(i.USBD_CDC_SetRxBuffer)
    i.USBD_CDC_SetTxBuffer                   0x08002e56   Section        0  usbd_cdc.o(i.USBD_CDC_SetTxBuffer)
    i.USBD_CDC_Setup                         0x08002e6c   Section        0  usbd_cdc.o(i.USBD_CDC_Setup)
    USBD_CDC_Setup                           0x08002e6d   Thumb Code   112  usbd_cdc.o(i.USBD_CDC_Setup)
    i.USBD_CDC_TransmitPacket                0x08002ee0   Section        0  usbd_cdc.o(i.USBD_CDC_TransmitPacket)
    i.USBD_ClrClassConfig                    0x08002f14   Section        0  usbd_core.o(i.USBD_ClrClassConfig)
    i.USBD_CtlContinueRx                     0x08002f24   Section        0  usbd_ioreq.o(i.USBD_CtlContinueRx)
    i.USBD_CtlContinueSendData               0x08002f34   Section        0  usbd_ioreq.o(i.USBD_CtlContinueSendData)
    i.USBD_CtlError                          0x08002f44   Section        0  usbd_ctlreq.o(i.USBD_CtlError)
    i.USBD_CtlPrepareRx                      0x08002f58   Section        0  usbd_ioreq.o(i.USBD_CtlPrepareRx)
    i.USBD_CtlReceiveStatus                  0x08002f78   Section        0  usbd_ioreq.o(i.USBD_CtlReceiveStatus)
    i.USBD_CtlSendData                       0x08002f90   Section        0  usbd_ioreq.o(i.USBD_CtlSendData)
    i.USBD_CtlSendStatus                     0x08002fac   Section        0  usbd_ioreq.o(i.USBD_CtlSendStatus)
    i.USBD_FS_ConfigStrDescriptor            0x08002fc4   Section        0  usbd_desc.o(i.USBD_FS_ConfigStrDescriptor)
    i.USBD_FS_DeviceDescriptor               0x08002fe4   Section        0  usbd_desc.o(i.USBD_FS_DeviceDescriptor)
    i.USBD_FS_InterfaceStrDescriptor         0x08002ff0   Section        0  usbd_desc.o(i.USBD_FS_InterfaceStrDescriptor)
    i.USBD_FS_LangIDStrDescriptor            0x08003014   Section        0  usbd_desc.o(i.USBD_FS_LangIDStrDescriptor)
    i.USBD_FS_ManufacturerStrDescriptor      0x08003020   Section        0  usbd_desc.o(i.USBD_FS_ManufacturerStrDescriptor)
    i.USBD_FS_ProductStrDescriptor           0x08003048   Section        0  usbd_desc.o(i.USBD_FS_ProductStrDescriptor)
    i.USBD_FS_SerialStrDescriptor            0x08003074   Section        0  usbd_desc.o(i.USBD_FS_SerialStrDescriptor)
    i.USBD_GetDescriptor                     0x08003098   Section        0  usbd_ctlreq.o(i.USBD_GetDescriptor)
    USBD_GetDescriptor                       0x08003099   Thumb Code   224  usbd_ctlreq.o(i.USBD_GetDescriptor)
    i.USBD_GetString                         0x08003178   Section        0  usbd_ctlreq.o(i.USBD_GetString)
    i.USBD_Init                              0x080031bc   Section        0  usbd_core.o(i.USBD_Init)
    i.USBD_LL_ClearStallEP                   0x080031ee   Section        0  usbd_conf.o(i.USBD_LL_ClearStallEP)
    i.USBD_LL_CloseEP                        0x08003200   Section        0  usbd_conf.o(i.USBD_LL_CloseEP)
    i.USBD_LL_DataInStage                    0x08003212   Section        0  usbd_core.o(i.USBD_LL_DataInStage)
    i.USBD_LL_DataOutStage                   0x080032c8   Section        0  usbd_core.o(i.USBD_LL_DataOutStage)
    i.USBD_LL_GetRxDataSize                  0x0800333c   Section        0  usbd_conf.o(i.USBD_LL_GetRxDataSize)
    i.USBD_LL_Init                           0x0800334c   Section        0  usbd_conf.o(i.USBD_LL_Init)
    i.USBD_LL_IsStallEP                      0x080033d4   Section        0  usbd_conf.o(i.USBD_LL_IsStallEP)
    i.USBD_LL_OpenEP                         0x080033f8   Section        0  usbd_conf.o(i.USBD_LL_OpenEP)
    i.USBD_LL_PrepareReceive                 0x08003410   Section        0  usbd_conf.o(i.USBD_LL_PrepareReceive)
    i.USBD_LL_Reset                          0x08003422   Section        0  usbd_core.o(i.USBD_LL_Reset)
    i.USBD_LL_Resume                         0x08003468   Section        0  usbd_core.o(i.USBD_LL_Resume)
    i.USBD_LL_SOF                            0x08003474   Section        0  usbd_core.o(i.USBD_LL_SOF)
    i.USBD_LL_SetSpeed                       0x08003492   Section        0  usbd_core.o(i.USBD_LL_SetSpeed)
    i.USBD_LL_SetUSBAddress                  0x08003498   Section        0  usbd_conf.o(i.USBD_LL_SetUSBAddress)
    i.USBD_LL_SetupStage                     0x080034aa   Section        0  usbd_core.o(i.USBD_LL_SetupStage)
    i.USBD_LL_StallEP                        0x08003508   Section        0  usbd_conf.o(i.USBD_LL_StallEP)
    i.USBD_LL_Start                          0x0800351a   Section        0  usbd_conf.o(i.USBD_LL_Start)
    i.USBD_LL_Suspend                        0x0800352c   Section        0  usbd_core.o(i.USBD_LL_Suspend)
    i.USBD_LL_Transmit                       0x0800353c   Section        0  usbd_conf.o(i.USBD_LL_Transmit)
    i.USBD_ParseSetupRequest                 0x0800354e   Section        0  usbd_ctlreq.o(i.USBD_ParseSetupRequest)
    i.USBD_RegisterClass                     0x08003576   Section        0  usbd_core.o(i.USBD_RegisterClass)
    i.USBD_SetClassConfig                    0x0800358c   Section        0  usbd_core.o(i.USBD_SetClassConfig)
    i.USBD_SetConfig                         0x080035a8   Section        0  usbd_ctlreq.o(i.USBD_SetConfig)
    USBD_SetConfig                           0x080035a9   Thumb Code   108  usbd_ctlreq.o(i.USBD_SetConfig)
    i.USBD_Start                             0x08003618   Section        0  usbd_core.o(i.USBD_Start)
    i.USBD_StdDevReq                         0x08003622   Section        0  usbd_ctlreq.o(i.USBD_StdDevReq)
    i.USBD_StdEPReq                          0x08003710   Section        0  usbd_ctlreq.o(i.USBD_StdEPReq)
    i.USBD_StdItfReq                         0x080037fa   Section        0  usbd_ctlreq.o(i.USBD_StdItfReq)
    i.USBD_static_free                       0x08003834   Section        0  usbd_conf.o(i.USBD_static_free)
    i.USBD_static_malloc                     0x08003838   Section        0  usbd_conf.o(i.USBD_static_malloc)
    i.USB_IRQHandler                         0x08003840   Section        0  stm32f0xx_it.o(i.USB_IRQHandler)
    i.__ARM_common_switch8                   0x08003850   Section        0  stm32f0xx_hal_tim.o(i.__ARM_common_switch8)
    i.__scatterload_copy                     0x0800386a   Section       14  handlers.o(i.__scatterload_copy)
    i.__scatterload_null                     0x08003878   Section        2  handlers.o(i.__scatterload_null)
    i.__scatterload_zeroinit                 0x0800387a   Section       14  handlers.o(i.__scatterload_zeroinit)
    i.main                                   0x08003888   Section        0  main.o(i.main)
    i.makeFreeRtosPriority                   0x080038ae   Section        0  cmsis_os.o(i.makeFreeRtosPriority)
    makeFreeRtosPriority                     0x080038af   Thumb Code    12  cmsis_os.o(i.makeFreeRtosPriority)
    i.osDelay                                0x080038ba   Section        0  cmsis_os.o(i.osDelay)
    i.osKernelStart                          0x080038ca   Section        0  cmsis_os.o(i.osKernelStart)
    i.osSystickHandler                       0x080038d4   Section        0  cmsis_os.o(i.osSystickHandler)
    i.osThreadCreate                         0x080038e4   Section        0  cmsis_os.o(i.osThreadCreate)
    i.prvAddCurrentTaskToDelayedList         0x0800391c   Section        0  tasks.o(i.prvAddCurrentTaskToDelayedList)
    prvAddCurrentTaskToDelayedList           0x0800391d   Thumb Code    46  tasks.o(i.prvAddCurrentTaskToDelayedList)
    i.prvCheckTasksWaitingTermination        0x08003950   Section        0  tasks.o(i.prvCheckTasksWaitingTermination)
    prvCheckTasksWaitingTermination          0x08003951   Thumb Code    78  tasks.o(i.prvCheckTasksWaitingTermination)
    i.prvHeapInit                            0x080039a8   Section        0  heap_4.o(i.prvHeapInit)
    prvHeapInit                              0x080039a9   Thumb Code    58  heap_4.o(i.prvHeapInit)
    i.prvIdleTask                            0x080039f0   Section        0  tasks.o(i.prvIdleTask)
    prvIdleTask                              0x080039f1   Thumb Code    18  tasks.o(i.prvIdleTask)
    i.prvInsertBlockIntoFreeList             0x08003a08   Section        0  heap_4.o(i.prvInsertBlockIntoFreeList)
    prvInsertBlockIntoFreeList               0x08003a09   Thumb Code    72  heap_4.o(i.prvInsertBlockIntoFreeList)
    i.prvResetNextTaskUnblockTime            0x08003a54   Section        0  tasks.o(i.prvResetNextTaskUnblockTime)
    prvResetNextTaskUnblockTime              0x08003a55   Thumb Code    28  tasks.o(i.prvResetNextTaskUnblockTime)
    i.prvTaskExitError                       0x08003a74   Section        0  port.o(i.prvTaskExitError)
    prvTaskExitError                         0x08003a75   Thumb Code    14  port.o(i.prvTaskExitError)
    i.pvPortMalloc                           0x08003a88   Section        0  heap_4.o(i.pvPortMalloc)
    i.pxPortInitialiseStack                  0x08003b38   Section        0  port.o(i.pxPortInitialiseStack)
    i.uxListRemove                           0x08003b58   Section        0  list.o(i.uxListRemove)
    i.vListInitialise                        0x08003b7c   Section        0  list.o(i.vListInitialise)
    i.vListInitialiseItem                    0x08003b92   Section        0  list.o(i.vListInitialiseItem)
    i.vListInsert                            0x08003b98   Section        0  list.o(i.vListInsert)
    i.vListInsertEnd                         0x08003bc8   Section        0  list.o(i.vListInsertEnd)
    i.vPortEnterCritical                     0x08003be0   Section        0  port.o(i.vPortEnterCritical)
    i.vPortExitCritical                      0x08003bf8   Section        0  port.o(i.vPortExitCritical)
    i.vPortFree                              0x08003c14   Section        0  heap_4.o(i.vPortFree)
    i.vPortYield                             0x08003c58   Section        0  port.o(i.vPortYield)
    i.vTaskDelay                             0x08003c70   Section        0  tasks.o(i.vTaskDelay)
    i.vTaskStartScheduler                    0x08003cac   Section        0  tasks.o(i.vTaskStartScheduler)
    i.vTaskSuspendAll                        0x08003cf8   Section        0  tasks.o(i.vTaskSuspendAll)
    i.vTaskSwitchContext                     0x08003d08   Section        0  tasks.o(i.vTaskSwitchContext)
    i.xPortStartScheduler                    0x08003d60   Section        0  port.o(i.xPortStartScheduler)
    i.xPortSysTickHandler                    0x08003dac   Section        0  port.o(i.xPortSysTickHandler)
    i.xTaskGenericCreate                     0x08003dd0   Section        0  tasks.o(i.xTaskGenericCreate)
    i.xTaskGetSchedulerState                 0x08003f4c   Section        0  tasks.o(i.xTaskGetSchedulerState)
    i.xTaskIncrementTick                     0x08003f6c   Section        0  tasks.o(i.xTaskIncrementTick)
    i.xTaskResumeAll                         0x0800402c   Section        0  tasks.o(i.xTaskResumeAll)
    .constdata                               0x080040d4   Section       16  system_stm32f0xx.o(.constdata)
    .constdata                               0x080040e4   Section        8  system_stm32f0xx.o(.constdata)
    .constdata                               0x080040ec   Section       20  freertos.o(.constdata)
    .conststring                             0x08004100   Section       12  freertos.o(.conststring)
    .data                                    0x20000000   Section        4  stm32f0xx_hal.o(.data)
    .data                                    0x20000004   Section        4  system_stm32f0xx.o(.data)
    .data                                    0x20000008   Section       16  usbd_cdc_if.o(.data)
    .data                                    0x20000018   Section        8  usbd_cdc_if.o(.data)
    .data                                    0x20000020   Section       28  usbd_desc.o(.data)
    .data                                    0x2000003c   Section       22  usbd_desc.o(.data)
    .data                                    0x20000054   Section        8  freertos.o(.data)
    .data                                    0x2000005c   Section      219  usbd_cdc.o(.data)
    ifalt                                    0x2000005c   Data           1  usbd_cdc.o(.data)
    USBD_CDC_DeviceQualifierDesc             0x20000060   Data          10  usbd_cdc.o(.data)
    .data                                    0x20000138   Section       56  usbd_cdc.o(.data)
    .data                                    0x20000170   Section        1  usbd_ctlreq.o(.data)
    cfgidx                                   0x20000170   Data           1  usbd_ctlreq.o(.data)
    .data                                    0x20000174   Section        4  port.o(.data)
    uxCriticalNesting                        0x20000174   Data           4  port.o(.data)
    .data                                    0x20000178   Section       24  heap_4.o(.data)
    pxEnd                                    0x20000178   Data           4  heap_4.o(.data)
    xFreeBytesRemaining                      0x2000017c   Data           4  heap_4.o(.data)
    xMinimumEverFreeBytesRemaining           0x20000180   Data           4  heap_4.o(.data)
    xBlockAllocatedBit                       0x20000184   Data           4  heap_4.o(.data)
    xStart                                   0x20000188   Data           8  heap_4.o(.data)
    .data                                    0x20000190   Section       56  tasks.o(.data)
    uxTasksDeleted                           0x20000194   Data           4  tasks.o(.data)
    uxCurrentNumberOfTasks                   0x20000198   Data           4  tasks.o(.data)
    xTickCount                               0x2000019c   Data           4  tasks.o(.data)
    uxTopReadyPriority                       0x200001a0   Data           4  tasks.o(.data)
    xSchedulerRunning                        0x200001a4   Data           4  tasks.o(.data)
    uxPendedTicks                            0x200001a8   Data           4  tasks.o(.data)
    xYieldPending                            0x200001ac   Data           4  tasks.o(.data)
    xNumOfOverflows                          0x200001b0   Data           4  tasks.o(.data)
    uxTaskNumber                             0x200001b4   Data           4  tasks.o(.data)
    xNextTaskUnblockTime                     0x200001b8   Data           4  tasks.o(.data)
    uxSchedulerSuspended                     0x200001bc   Data           4  tasks.o(.data)
    pxDelayedTaskList                        0x200001c0   Data           4  tasks.o(.data)
    pxOverflowDelayedTaskList                0x200001c4   Data           4  tasks.o(.data)
    .bss                                     0x200001c8   Section      112  usart.o(.bss)
    .bss                                     0x20000238   Section     1088  usbd_conf.o(.bss)
    mem                                      0x20000238   Data         544  usbd_conf.o(.bss)
    .bss                                     0x20000678   Section      548  usb_device.o(.bss)
    .bss                                     0x2000089c   Section      100  spi.o(.bss)
    .bss                                     0x20000900   Section      512  usbd_desc.o(.bss)
    .bss                                     0x20000b00   Section      120  tim.o(.bss)
    .bss                                     0x20000b78   Section     1300  heap_4.o(.bss)
    ucHeap                                   0x20000b78   Data        1300  heap_4.o(.bss)
    .bss                                     0x2000108c   Section      240  tasks.o(.bss)
    pxReadyTasksLists                        0x2000108c   Data         140  tasks.o(.bss)
    xDelayedTaskList1                        0x20001118   Data          20  tasks.o(.bss)
    xDelayedTaskList2                        0x2000112c   Data          20  tasks.o(.bss)
    xPendingReadyList                        0x20001140   Data          20  tasks.o(.bss)
    xTasksWaitingTermination                 0x20001154   Data          20  tasks.o(.bss)
    xSuspendedTaskList                       0x20001168   Data          20  tasks.o(.bss)
    STACK                                    0x20001180   Section     1024  startup_stm32f042x6.o(STACK)

    Global Symbols

    Symbol Name                              Value     Ov Type        Size  Object(Section)

    BuildAttributes$$THM_ISAv3M$S$PE$A:L22$X:L11$S22$IEEE1$IW$USESV6$~STKCKD$USESV7$~SHL$OSPACE$EBA8$MICROLIB$REQ8$PRES8$EABIv2 0x00000000   Number         0  anon$$obj.o ABSOLUTE
    __ARM_use_no_argv                        0x00000000   Number         0  main.o ABSOLUTE
    __cpp_initialize__aeabi_                  - Undefined Weak Reference
    __cxa_finalize                            - Undefined Weak Reference
    _clock_init                               - Undefined Weak Reference
    _microlib_exit                            - Undefined Weak Reference
    __Vectors_Size                           0x000000c0   Number         0  startup_stm32f042x6.o ABSOLUTE
    __Vectors                                0x08000000   Data           4  startup_stm32f042x6.o(RESET)
    __Vectors_End                            0x080000c0   Data           0  startup_stm32f042x6.o(RESET)
    __main                                   0x080000c1   Thumb Code     0  entry.o(.ARM.Collect$$$$00000000)
    _main_stk                                0x080000c1   Thumb Code     0  entry2.o(.ARM.Collect$$$$00000001)
    _main_scatterload                        0x080000c5   Thumb Code     0  entry5.o(.ARM.Collect$$$$00000004)
    __main_after_scatterload                 0x080000c9   Thumb Code     0  entry5.o(.ARM.Collect$$$$00000004)
    _main_clock                              0x080000c9   Thumb Code     0  entry7b.o(.ARM.Collect$$$$00000008)
    _main_cpp_init                           0x080000c9   Thumb Code     0  entry8b.o(.ARM.Collect$$$$0000000A)
    _main_init                               0x080000c9   Thumb Code     0  entry9a.o(.ARM.Collect$$$$0000000B)
    __rt_final_cpp                           0x080000d1   Thumb Code     0  entry10a.o(.ARM.Collect$$$$0000000D)
    __rt_final_exit                          0x080000d1   Thumb Code     0  entry11a.o(.ARM.Collect$$$$0000000F)
    __asm___6_port_c_39a90d8d__prvPortStartFirstTask 0x080000d5   Thumb Code    28  port.o(.emb_text)
    ulSetInterruptMaskFromISR                0x080000f5   Thumb Code     8  port.o(.emb_text)
    vClearInterruptMaskFromISR               0x080000fd   Thumb Code     6  port.o(.emb_text)
    PendSV_Handler                           0x08000103   Thumb Code    62  port.o(.emb_text)
    Reset_Handler                            0x08000145   Thumb Code    38  startup_stm32f042x6.o(.text)
    ADC1_IRQHandler                          0x08000175   Thumb Code     0  startup_stm32f042x6.o(.text)
    CEC_CAN_IRQHandler                       0x08000175   Thumb Code     0  startup_stm32f042x6.o(.text)
    DMA1_Channel1_IRQHandler                 0x08000175   Thumb Code     0  startup_stm32f042x6.o(.text)
    DMA1_Channel2_3_IRQHandler               0x08000175   Thumb Code     0  startup_stm32f042x6.o(.text)
    DMA1_Channel4_5_IRQHandler               0x08000175   Thumb Code     0  startup_stm32f042x6.o(.text)
    EXTI0_1_IRQHandler                       0x08000175   Thumb Code     0  startup_stm32f042x6.o(.text)
    EXTI2_3_IRQHandler                       0x08000175   Thumb Code     0  startup_stm32f042x6.o(.text)
    EXTI4_15_IRQHandler                      0x08000175   Thumb Code     0  startup_stm32f042x6.o(.text)
    FLASH_IRQHandler                         0x08000175   Thumb Code     0  startup_stm32f042x6.o(.text)
    I2C1_IRQHandler                          0x08000175   Thumb Code     0  startup_stm32f042x6.o(.text)
    PVD_VDDIO2_IRQHandler                    0x08000175   Thumb Code     0  startup_stm32f042x6.o(.text)
    RCC_CRS_IRQHandler                       0x08000175   Thumb Code     0  startup_stm32f042x6.o(.text)
    RTC_IRQHandler                           0x08000175   Thumb Code     0  startup_stm32f042x6.o(.text)
    SPI2_IRQHandler                          0x08000175   Thumb Code     0  startup_stm32f042x6.o(.text)
    TIM14_IRQHandler                         0x08000175   Thumb Code     0  startup_stm32f042x6.o(.text)
    TIM16_IRQHandler                         0x08000175   Thumb Code     0  startup_stm32f042x6.o(.text)
    TIM1_BRK_UP_TRG_COM_IRQHandler           0x08000175   Thumb Code     0  startup_stm32f042x6.o(.text)
    TIM1_CC_IRQHandler                       0x08000175   Thumb Code     0  startup_stm32f042x6.o(.text)
    TIM2_IRQHandler                          0x08000175   Thumb Code     0  startup_stm32f042x6.o(.text)
    TSC_IRQHandler                           0x08000175   Thumb Code     0  startup_stm32f042x6.o(.text)
    USART1_IRQHandler                        0x08000175   Thumb Code     0  startup_stm32f042x6.o(.text)
    USART2_IRQHandler                        0x08000175   Thumb Code     0  startup_stm32f042x6.o(.text)
    WWDG_IRQHandler                          0x08000175   Thumb Code     0  startup_stm32f042x6.o(.text)
    __aeabi_uidiv                            0x0800019d   Thumb Code     0  uidiv.o(.text)
    __aeabi_uidivmod                         0x0800019d   Thumb Code    44  uidiv.o(.text)
    __aeabi_memcpy                           0x080001c9   Thumb Code    36  memcpya.o(.text)
    __aeabi_memcpy4                          0x080001c9   Thumb Code     0  memcpya.o(.text)
    __aeabi_memcpy8                          0x080001c9   Thumb Code     0  memcpya.o(.text)
    __aeabi_memset                           0x080001ed   Thumb Code    14  memseta.o(.text)
    __aeabi_memset4                          0x080001ed   Thumb Code     0  memseta.o(.text)
    __aeabi_memset8                          0x080001ed   Thumb Code     0  memseta.o(.text)
    __aeabi_memclr                           0x080001fb   Thumb Code     4  memseta.o(.text)
    __aeabi_memclr4                          0x080001fb   Thumb Code     0  memseta.o(.text)
    __aeabi_memclr8                          0x080001fb   Thumb Code     0  memseta.o(.text)
    _memset$wrapper                          0x080001ff   Thumb Code    18  memseta.o(.text)
    __scatterload                            0x08000211   Thumb Code    28  init.o(.text)
    __scatterload_rt2                        0x08000211   Thumb Code     0  init.o(.text)
    __decompress                             0x08000235   Thumb Code     0  __dczerorl2.o(.text)
    __decompress1                            0x08000235   Thumb Code    86  __dczerorl2.o(.text)
    CDC_Transmit_FS                          0x080002e1   Thumb Code    40  usbd_cdc_if.o(i.CDC_Transmit_FS)
    DelayMKS                                 0x08000311   Thumb Code    12  freertos.o(i.DelayMKS)
    Error_Handler                            0x08000321   Thumb Code     2  main.o(i.Error_Handler)
    HAL_GPIO_Init                            0x08000325   Thumb Code   294  stm32f0xx_hal_gpio.o(i.HAL_GPIO_Init)
    HAL_GPIO_WritePin                        0x08000461   Thumb Code    12  stm32f0xx_hal_gpio.o(i.HAL_GPIO_WritePin)
    HAL_GetTick                              0x0800046d   Thumb Code     6  stm32f0xx_hal.o(i.HAL_GetTick)
    HAL_IncTick                              0x08000479   Thumb Code    10  stm32f0xx_hal.o(i.HAL_IncTick)
    HAL_Init                                 0x08000489   Thumb Code    26  stm32f0xx_hal.o(i.HAL_Init)
    HAL_InitTick                             0x080004a9   Thumb Code    34  stm32f0xx_hal.o(i.HAL_InitTick)
    HAL_MspInit                              0x080004cd   Thumb Code    60  stm32f0xx_hal_msp.o(i.HAL_MspInit)
    HAL_NVIC_EnableIRQ                       0x08000511   Thumb Code    14  stm32f0xx_hal_cortex.o(i.HAL_NVIC_EnableIRQ)
    HAL_NVIC_SetPriority                     0x08000525   Thumb Code     8  stm32f0xx_hal_cortex.o(i.HAL_NVIC_SetPriority)
    HAL_PCDEx_PMAConfig                      0x0800052d   Thumb Code    58  stm32f0xx_hal_pcd_ex.o(i.HAL_PCDEx_PMAConfig)
    HAL_PCD_DataInStageCallback              0x08000567   Thumb Code    24  usbd_conf.o(i.HAL_PCD_DataInStageCallback)
    HAL_PCD_DataOutStageCallback             0x0800057f   Thumb Code    28  usbd_conf.o(i.HAL_PCD_DataOutStageCallback)
    HAL_PCD_EP_Close                         0x0800059d   Thumb Code   346  stm32f0xx_hal_pcd.o(i.HAL_PCD_EP_Close)
    HAL_PCD_EP_ClrStall                      0x08000705   Thumb Code   166  stm32f0xx_hal_pcd.o(i.HAL_PCD_EP_ClrStall)
    HAL_PCD_EP_GetRxCount                    0x080007b9   Thumb Code    20  stm32f0xx_hal_pcd.o(i.HAL_PCD_EP_GetRxCount)
    HAL_PCD_EP_Open                          0x080007cd   Thumb Code   652  stm32f0xx_hal_pcd.o(i.HAL_PCD_EP_Open)
    HAL_PCD_EP_Receive                       0x08000a71   Thumb Code   300  stm32f0xx_hal_pcd.o(i.HAL_PCD_EP_Receive)
    HAL_PCD_EP_SetStall                      0x08000ba9   Thumb Code   136  stm32f0xx_hal_pcd.o(i.HAL_PCD_EP_SetStall)
    HAL_PCD_EP_Transmit                      0x08000c3d   Thumb Code   380  stm32f0xx_hal_pcd.o(i.HAL_PCD_EP_Transmit)
    HAL_PCD_IRQHandler                       0x08000dc9   Thumb Code   238  stm32f0xx_hal_pcd.o(i.HAL_PCD_IRQHandler)
    HAL_PCD_Init                             0x08000ed5   Thumb Code   154  stm32f0xx_hal_pcd.o(i.HAL_PCD_Init)
    HAL_PCD_MspInit                          0x08000f71   Thumb Code    46  usbd_conf.o(i.HAL_PCD_MspInit)
    HAL_PCD_ResetCallback                    0x08000fa9   Thumb Code    24  usbd_conf.o(i.HAL_PCD_ResetCallback)
    HAL_PCD_ResumeCallback                   0x08000fc1   Thumb Code    38  usbd_conf.o(i.HAL_PCD_ResumeCallback)
    HAL_PCD_SOFCallback                      0x08000fed   Thumb Code    16  usbd_conf.o(i.HAL_PCD_SOFCallback)
    HAL_PCD_SetAddress                       0x08000ffd   Thumb Code    44  stm32f0xx_hal_pcd.o(i.HAL_PCD_SetAddress)
    HAL_PCD_SetupStageCallback               0x08001029   Thumb Code    22  usbd_conf.o(i.HAL_PCD_SetupStageCallback)
    HAL_PCD_Start                            0x0800103f   Thumb Code    18  stm32f0xx_hal_pcd.o(i.HAL_PCD_Start)
    HAL_PCD_SuspendCallback                  0x08001051   Thumb Code    34  usbd_conf.o(i.HAL_PCD_SuspendCallback)
    HAL_RCCEx_CRSConfig                      0x08001079   Thumb Code    64  stm32f0xx_hal_rcc_ex.o(i.HAL_RCCEx_CRSConfig)
    HAL_RCCEx_PeriphCLKConfig                0x080010c1   Thumb Code   254  stm32f0xx_hal_rcc_ex.o(i.HAL_RCCEx_PeriphCLKConfig)
    HAL_RCC_ClockConfig                      0x080011cd   Thumb Code   320  stm32f0xx_hal_rcc.o(i.HAL_RCC_ClockConfig)
    HAL_RCC_GetHCLKFreq                      0x08001321   Thumb Code     6  stm32f0xx_hal_rcc.o(i.HAL_RCC_GetHCLKFreq)
    HAL_RCC_GetPCLK1Freq                     0x0800132d   Thumb Code    20  stm32f0xx_hal_rcc.o(i.HAL_RCC_GetPCLK1Freq)
    HAL_RCC_GetSysClockFreq                  0x0800134d   Thumb Code    90  stm32f0xx_hal_rcc.o(i.HAL_RCC_GetSysClockFreq)
    HAL_RCC_OscConfig                        0x080013d5   Thumb Code   966  stm32f0xx_hal_rcc.o(i.HAL_RCC_OscConfig)
    HAL_RS485Ex_Init                         0x080017ad   Thumb Code   138  stm32f0xx_hal_uart_ex.o(i.HAL_RS485Ex_Init)
    HAL_SPI_ErrorCallback                    0x0800183d   Thumb Code     2  stm32f0xx_hal_spi.o(i.HAL_SPI_ErrorCallback)
    HAL_SPI_IRQHandler                       0x0800183f   Thumb Code   138  stm32f0xx_hal_spi.o(i.HAL_SPI_IRQHandler)
    HAL_SPI_Init                             0x080018c9   Thumb Code   204  stm32f0xx_hal_spi.o(i.HAL_SPI_Init)
    HAL_SPI_MspInit                          0x08001999   Thumb Code    76  spi.o(i.HAL_SPI_MspInit)
    HAL_SPI_Transmit                         0x080019ed   Thumb Code   368  stm32f0xx_hal_spi.o(i.HAL_SPI_Transmit)
    HAL_SYSTICK_CLKSourceConfig              0x08001b61   Thumb Code    20  stm32f0xx_hal_cortex.o(i.HAL_SYSTICK_CLKSourceConfig)
    HAL_SYSTICK_Config                       0x08001b79   Thumb Code    38  stm32f0xx_hal_cortex.o(i.HAL_SYSTICK_Config)
    HAL_TIMEx_BreakCallback                  0x08001ba9   Thumb Code     2  stm32f0xx_hal_tim_ex.o(i.HAL_TIMEx_BreakCallback)
    HAL_TIMEx_CommutationCallback            0x08001bab   Thumb Code     2  stm32f0xx_hal_tim_ex.o(i.HAL_TIMEx_CommutationCallback)
    HAL_TIMEx_MasterConfigSynchronization    0x08001bad   Thumb Code    72  stm32f0xx_hal_tim_ex.o(i.HAL_TIMEx_MasterConfigSynchronization)
    HAL_TIM_Base_Init                        0x08001bf5   Thumb Code    52  stm32f0xx_hal_tim.o(i.HAL_TIM_Base_Init)
    HAL_TIM_Base_MspInit                     0x08001c29   Thumb Code    80  tim.o(i.HAL_TIM_Base_MspInit)
    HAL_TIM_Base_Start_IT                    0x08001c85   Thumb Code    22  stm32f0xx_hal_tim.o(i.HAL_TIM_Base_Start_IT)
    HAL_TIM_ConfigClockSource                0x08001c9b   Thumb Code   238  stm32f0xx_hal_tim.o(i.HAL_TIM_ConfigClockSource)
    HAL_TIM_IC_CaptureCallback               0x08001d89   Thumb Code     2  stm32f0xx_hal_tim.o(i.HAL_TIM_IC_CaptureCallback)
    HAL_TIM_IRQHandler                       0x08001d8b   Thumb Code   354  stm32f0xx_hal_tim.o(i.HAL_TIM_IRQHandler)
    HAL_TIM_OC_DelayElapsedCallback          0x08001eed   Thumb Code     2  stm32f0xx_hal_tim.o(i.HAL_TIM_OC_DelayElapsedCallback)
    HAL_TIM_PWM_PulseFinishedCallback        0x08001eef   Thumb Code     2  stm32f0xx_hal_tim.o(i.HAL_TIM_PWM_PulseFinishedCallback)
    HAL_TIM_PeriodElapsedCallback            0x08001ef1   Thumb Code    24  freertos.o(i.HAL_TIM_PeriodElapsedCallback)
    HAL_TIM_TriggerCallback                  0x08001f11   Thumb Code     2  stm32f0xx_hal_tim.o(i.HAL_TIM_TriggerCallback)
    HAL_UART_MspInit                         0x08001f15   Thumb Code    80  usart.o(i.HAL_UART_MspInit)
    HardFault_Handler                        0x08001f6d   Thumb Code     2  stm32f0xx_it.o(i.HardFault_Handler)
    MX_FREERTOS_Init                         0x08001f71   Thumb Code    30  freertos.o(i.MX_FREERTOS_Init)
    MX_GPIO_Init                             0x08001f99   Thumb Code   120  gpio.o(i.MX_GPIO_Init)
    MX_SPI1_Init                             0x08002019   Thumb Code    68  spi.o(i.MX_SPI1_Init)
    MX_TIM17_Init                            0x08002065   Thumb Code    38  tim.o(i.MX_TIM17_Init)
    MX_TIM3_Init                             0x08002095   Thumb Code    86  tim.o(i.MX_TIM3_Init)
    MX_USART2_UART_Init                      0x080020f9   Thumb Code    56  usart.o(i.MX_USART2_UART_Init)
    MX_USB_DEVICE_Init                       0x08002139   Thumb Code    36  usb_device.o(i.MX_USB_DEVICE_Init)
    NMI_Handler                              0x0800216d   Thumb Code     2  stm32f0xx_it.o(i.NMI_Handler)
    PCD_ReadPMA                              0x080024ed   Thumb Code    30  stm32f0xx_hal_pcd.o(i.PCD_ReadPMA)
    PCD_WritePMA                             0x0800250b   Thumb Code    38  stm32f0xx_hal_pcd.o(i.PCD_WritePMA)
    SPI1_IRQHandler                          0x08002531   Thumb Code    10  stm32f0xx_it.o(i.SPI1_IRQHandler)
    SVC_Handler                              0x080026a9   Thumb Code     2  port.o(i.SVC_Handler)
    StartDefaultTask                         0x080026ad   Thumb Code   162  freertos.o(i.StartDefaultTask)
    SysTick_Handler                          0x0800275d   Thumb Code    12  stm32f0xx_it.o(i.SysTick_Handler)
    SystemClock_Config                       0x08002769   Thumb Code   164  main.o(i.SystemClock_Config)
    SystemInit                               0x08002815   Thumb Code    78  system_stm32f0xx.o(i.SystemInit)
    TIM17_IRQHandler                         0x08002871   Thumb Code    10  stm32f0xx_it.o(i.TIM17_IRQHandler)
    TIM3_IRQHandler                          0x08002881   Thumb Code    10  stm32f0xx_it.o(i.TIM3_IRQHandler)
    TIM_Base_SetConfig                       0x08002891   Thumb Code   104  stm32f0xx_hal_tim.o(i.TIM_Base_SetConfig)
    TIM_ETR_SetConfig                        0x0800290d   Thumb Code    22  stm32f0xx_hal_tim.o(i.TIM_ETR_SetConfig)
    UART_AdvFeatureConfig                    0x0800297b   Thumb Code   202  stm32f0xx_hal_uart.o(i.UART_AdvFeatureConfig)
    UART_CheckIdleState                      0x08002a45   Thumb Code    86  stm32f0xx_hal_uart.o(i.UART_CheckIdleState)
    UART_SetConfig                           0x08002aa5   Thumb Code   280  stm32f0xx_hal_uart.o(i.UART_SetConfig)
    UART_WaitOnFlagUntilTimeout              0x08002bd5   Thumb Code   178  stm32f0xx_hal_uart.o(i.UART_WaitOnFlagUntilTimeout)
    USBD_CDC_GetDeviceQualifierDescriptor    0x08002d3d   Thumb Code     8  usbd_cdc.o(i.USBD_CDC_GetDeviceQualifierDescriptor)
    USBD_CDC_ReceivePacket                   0x08002df7   Thumb Code    56  usbd_cdc.o(i.USBD_CDC_ReceivePacket)
    USBD_CDC_RegisterInterface               0x08002e2f   Thumb Code    20  usbd_cdc.o(i.USBD_CDC_RegisterInterface)
    USBD_CDC_SetRxBuffer                     0x08002e43   Thumb Code    20  usbd_cdc.o(i.USBD_CDC_SetRxBuffer)
    USBD_CDC_SetTxBuffer                     0x08002e57   Thumb Code    22  usbd_cdc.o(i.USBD_CDC_SetTxBuffer)
    USBD_CDC_TransmitPacket                  0x08002ee1   Thumb Code    52  usbd_cdc.o(i.USBD_CDC_TransmitPacket)
    USBD_ClrClassConfig                      0x08002f15   Thumb Code    16  usbd_core.o(i.USBD_ClrClassConfig)
    USBD_CtlContinueRx                       0x08002f25   Thumb Code    16  usbd_ioreq.o(i.USBD_CtlContinueRx)
    USBD_CtlContinueSendData                 0x08002f35   Thumb Code    16  usbd_ioreq.o(i.USBD_CtlContinueSendData)
    USBD_CtlError                            0x08002f45   Thumb Code    20  usbd_ctlreq.o(i.USBD_CtlError)
    USBD_CtlPrepareRx                        0x08002f59   Thumb Code    32  usbd_ioreq.o(i.USBD_CtlPrepareRx)
    USBD_CtlReceiveStatus                    0x08002f79   Thumb Code    24  usbd_ioreq.o(i.USBD_CtlReceiveStatus)
    USBD_CtlSendData                         0x08002f91   Thumb Code    28  usbd_ioreq.o(i.USBD_CtlSendData)
    USBD_CtlSendStatus                       0x08002fad   Thumb Code    24  usbd_ioreq.o(i.USBD_CtlSendStatus)
    USBD_FS_ConfigStrDescriptor              0x08002fc5   Thumb Code    16  usbd_desc.o(i.USBD_FS_ConfigStrDescriptor)
    USBD_FS_DeviceDescriptor                 0x08002fe5   Thumb Code     8  usbd_desc.o(i.USBD_FS_DeviceDescriptor)
    USBD_FS_InterfaceStrDescriptor           0x08002ff1   Thumb Code    16  usbd_desc.o(i.USBD_FS_InterfaceStrDescriptor)
    USBD_FS_LangIDStrDescriptor              0x08003015   Thumb Code     8  usbd_desc.o(i.USBD_FS_LangIDStrDescriptor)
    USBD_FS_ManufacturerStrDescriptor        0x08003021   Thumb Code    16  usbd_desc.o(i.USBD_FS_ManufacturerStrDescriptor)
    USBD_FS_ProductStrDescriptor             0x08003049   Thumb Code    16  usbd_desc.o(i.USBD_FS_ProductStrDescriptor)
    USBD_FS_SerialStrDescriptor              0x08003075   Thumb Code    16  usbd_desc.o(i.USBD_FS_SerialStrDescriptor)
    USBD_GetString                           0x08003179   Thumb Code    68  usbd_ctlreq.o(i.USBD_GetString)
    USBD_Init                                0x080031bd   Thumb Code    50  usbd_core.o(i.USBD_Init)
    USBD_LL_ClearStallEP                     0x080031ef   Thumb Code    18  usbd_conf.o(i.USBD_LL_ClearStallEP)
    USBD_LL_CloseEP                          0x08003201   Thumb Code    18  usbd_conf.o(i.USBD_LL_CloseEP)
    USBD_LL_DataInStage                      0x08003213   Thumb Code   182  usbd_core.o(i.USBD_LL_DataInStage)
    USBD_LL_DataOutStage                     0x080032c9   Thumb Code   116  usbd_core.o(i.USBD_LL_DataOutStage)
    USBD_LL_GetRxDataSize                    0x0800333d   Thumb Code    16  usbd_conf.o(i.USBD_LL_GetRxDataSize)
    USBD_LL_Init                             0x0800334d   Thumb Code   122  usbd_conf.o(i.USBD_LL_Init)
    USBD_LL_IsStallEP                        0x080033d5   Thumb Code    36  usbd_conf.o(i.USBD_LL_IsStallEP)
    USBD_LL_OpenEP                           0x080033f9   Thumb Code    24  usbd_conf.o(i.USBD_LL_OpenEP)
    USBD_LL_PrepareReceive                   0x08003411   Thumb Code    18  usbd_conf.o(i.USBD_LL_PrepareReceive)
    USBD_LL_Reset                            0x08003423   Thumb Code    70  usbd_core.o(i.USBD_LL_Reset)
    USBD_LL_Resume                           0x08003469   Thumb Code    12  usbd_core.o(i.USBD_LL_Resume)
    USBD_LL_SOF                              0x08003475   Thumb Code    30  usbd_core.o(i.USBD_LL_SOF)
    USBD_LL_SetSpeed                         0x08003493   Thumb Code     6  usbd_core.o(i.USBD_LL_SetSpeed)
    USBD_LL_SetUSBAddress                    0x08003499   Thumb Code    18  usbd_conf.o(i.USBD_LL_SetUSBAddress)
    USBD_LL_SetupStage                       0x080034ab   Thumb Code    94  usbd_core.o(i.USBD_LL_SetupStage)
    USBD_LL_StallEP                          0x08003509   Thumb Code    18  usbd_conf.o(i.USBD_LL_StallEP)
    USBD_LL_Start                            0x0800351b   Thumb Code    18  usbd_conf.o(i.USBD_LL_Start)
    USBD_LL_Suspend                          0x0800352d   Thumb Code    16  usbd_core.o(i.USBD_LL_Suspend)
    USBD_LL_Transmit                         0x0800353d   Thumb Code    18  usbd_conf.o(i.USBD_LL_Transmit)
    USBD_ParseSetupRequest                   0x0800354f   Thumb Code    40  usbd_ctlreq.o(i.USBD_ParseSetupRequest)
    USBD_RegisterClass                       0x08003577   Thumb Code    22  usbd_core.o(i.USBD_RegisterClass)
    USBD_SetClassConfig                      0x0800358d   Thumb Code    28  usbd_core.o(i.USBD_SetClassConfig)
    USBD_Start                               0x08003619   Thumb Code    10  usbd_core.o(i.USBD_Start)
    USBD_StdDevReq                           0x08003623   Thumb Code   238  usbd_ctlreq.o(i.USBD_StdDevReq)
    USBD_StdEPReq                            0x08003711   Thumb Code   234  usbd_ctlreq.o(i.USBD_StdEPReq)
    USBD_StdItfReq                           0x080037fb   Thumb Code    58  usbd_ctlreq.o(i.USBD_StdItfReq)
    USBD_static_free                         0x08003835   Thumb Code     2  usbd_conf.o(i.USBD_static_free)
    USBD_static_malloc                       0x08003839   Thumb Code     4  usbd_conf.o(i.USBD_static_malloc)
    USB_IRQHandler                           0x08003841   Thumb Code    10  stm32f0xx_it.o(i.USB_IRQHandler)
    __ARM_common_switch8                     0x08003851   Thumb Code    26  stm32f0xx_hal_tim.o(i.__ARM_common_switch8)
    __scatterload_copy                       0x0800386b   Thumb Code    14  handlers.o(i.__scatterload_copy)
    __scatterload_null                       0x08003879   Thumb Code     2  handlers.o(i.__scatterload_null)
    __scatterload_zeroinit                   0x0800387b   Thumb Code    14  handlers.o(i.__scatterload_zeroinit)
    main                                     0x08003889   Thumb Code    38  main.o(i.main)
    osDelay                                  0x080038bb   Thumb Code    16  cmsis_os.o(i.osDelay)
    osKernelStart                            0x080038cb   Thumb Code    10  cmsis_os.o(i.osKernelStart)
    osSystickHandler                         0x080038d5   Thumb Code    16  cmsis_os.o(i.osSystickHandler)
    osThreadCreate                           0x080038e5   Thumb Code    56  cmsis_os.o(i.osThreadCreate)
    pvPortMalloc                             0x08003a89   Thumb Code   172  heap_4.o(i.pvPortMalloc)
    pxPortInitialiseStack                    0x08003b39   Thumb Code    28  port.o(i.pxPortInitialiseStack)
    uxListRemove                             0x08003b59   Thumb Code    36  list.o(i.uxListRemove)
    vListInitialise                          0x08003b7d   Thumb Code    22  list.o(i.vListInitialise)
    vListInitialiseItem                      0x08003b93   Thumb Code     6  list.o(i.vListInitialiseItem)
    vListInsert                              0x08003b99   Thumb Code    48  list.o(i.vListInsert)
    vListInsertEnd                           0x08003bc9   Thumb Code    24  list.o(i.vListInsertEnd)
    vPortEnterCritical                       0x08003be1   Thumb Code    20  port.o(i.vPortEnterCritical)
    vPortExitCritical                        0x08003bf9   Thumb Code    22  port.o(i.vPortExitCritical)
    vPortFree                                0x08003c15   Thumb Code    62  heap_4.o(i.vPortFree)
    vPortYield                               0x08003c59   Thumb Code    18  port.o(i.vPortYield)
    vTaskDelay                               0x08003c71   Thumb Code    54  tasks.o(i.vTaskDelay)
    vTaskStartScheduler                      0x08003cad   Thumb Code    58  tasks.o(i.vTaskStartScheduler)
    vTaskSuspendAll                          0x08003cf9   Thumb Code    10  tasks.o(i.vTaskSuspendAll)
    vTaskSwitchContext                       0x08003d09   Thumb Code    78  tasks.o(i.vTaskSwitchContext)
    xPortStartScheduler                      0x08003d61   Thumb Code    58  port.o(i.xPortStartScheduler)
    xPortSysTickHandler                      0x08003dad   Thumb Code    32  port.o(i.xPortSysTickHandler)
    xTaskGenericCreate                       0x08003dd1   Thumb Code   370  tasks.o(i.xTaskGenericCreate)
    xTaskGetSchedulerState                   0x08003f4d   Thumb Code    26  tasks.o(i.xTaskGetSchedulerState)
    xTaskIncrementTick                       0x08003f6d   Thumb Code   184  tasks.o(i.xTaskIncrementTick)
    xTaskResumeAll                           0x0800402d   Thumb Code   160  tasks.o(i.xTaskResumeAll)
    AHBPrescTable                            0x080040d4   Data          16  system_stm32f0xx.o(.constdata)
    APBPrescTable                            0x080040e4   Data           8  system_stm32f0xx.o(.constdata)
    Region$$Table$$Base                      0x0800410c   Number         0  anon$$obj.o(Region$$Table)
    Region$$Table$$Limit                     0x0800412c   Number         0  anon$$obj.o(Region$$Table)
    uwTick                                   0x20000000   Data           4  stm32f0xx_hal.o(.data)
    SystemCoreClock                          0x20000004   Data           4  system_stm32f0xx.o(.data)
    USBD_Interface_fops_FS                   0x20000008   Data          16  usbd_cdc_if.o(.data)
    UserRxBufferFS                           0x20000018   Data           4  usbd_cdc_if.o(.data)
    UserTxBufferFS                           0x2000001c   Data           4  usbd_cdc_if.o(.data)
    FS_Desc                                  0x20000020   Data          28  usbd_desc.o(.data)
    USBD_LangIDDesc                          0x2000003c   Data           4  usbd_desc.o(.data)
    USBD_FS_DeviceDesc                       0x20000040   Data          18  usbd_desc.o(.data)
    mks                                      0x20000054   Data           2  freertos.o(.data)
    defaultTaskHandle                        0x20000058   Data           4  freertos.o(.data)
    USBD_CDC_CfgHSDesc                       0x2000006c   Data          67  usbd_cdc.o(.data)
    USBD_CDC_CfgFSDesc                       0x200000b0   Data          67  usbd_cdc.o(.data)
    USBD_CDC_OtherSpeedCfgDesc               0x200000f4   Data          67  usbd_cdc.o(.data)
    USBD_CDC                                 0x20000138   Data          56  usbd_cdc.o(.data)
    pxCurrentTCB                             0x20000190   Data           4  tasks.o(.data)
    huart2                                   0x200001c8   Data         112  usart.o(.bss)
    hpcd_USB_FS                              0x20000458   Data         544  usbd_conf.o(.bss)
    hUsbDeviceFS                             0x20000678   Data         548  usb_device.o(.bss)
    hspi1                                    0x2000089c   Data         100  spi.o(.bss)
    USBD_StrDesc                             0x20000900   Data         512  usbd_desc.o(.bss)
    htim3                                    0x20000b00   Data          60  tim.o(.bss)
    htim17                                   0x20000b3c   Data          60  tim.o(.bss)
    __initial_sp                             0x20001580   Data           0  startup_stm32f042x6.o(STACK)



==============================================================================

Memory Map of the image

  Image Entry point : 0x080000c1

  Load Region LR_IROM1 (Base: 0x08000000, Size: 0x000042f4, Max: 0x00008000, ABSOLUTE, COMPRESSED[0x000041f0])

    Execution Region ER_IROM1 (Base: 0x08000000, Size: 0x0000412c, Max: 0x00008000, ABSOLUTE)

    Base Addr    Size         Type   Attr      Idx    E Section Name        Object

    0x08000000   0x000000c0   Data   RO            3    RESET               startup_stm32f042x6.o
    0x080000c0   0x00000000   Code   RO         5341  * .ARM.Collect$$$$00000000  mc_p.l(entry.o)
    0x080000c0   0x00000004   Code   RO         5354    .ARM.Collect$$$$00000001  mc_p.l(entry2.o)
    0x080000c4   0x00000004   Code   RO         5357    .ARM.Collect$$$$00000004  mc_p.l(entry5.o)
    0x080000c8   0x00000000   Code   RO         5359    .ARM.Collect$$$$00000008  mc_p.l(entry7b.o)
    0x080000c8   0x00000000   Code   RO         5361    .ARM.Collect$$$$0000000A  mc_p.l(entry8b.o)
    0x080000c8   0x00000008   Code   RO         5362    .ARM.Collect$$$$0000000B  mc_p.l(entry9a.o)
    0x080000d0   0x00000000   Code   RO         5364    .ARM.Collect$$$$0000000D  mc_p.l(entry10a.o)
    0x080000d0   0x00000000   Code   RO         5366    .ARM.Collect$$$$0000000F  mc_p.l(entry11a.o)
    0x080000d0   0x00000004   Code   RO         5355    .ARM.Collect$$$$00002712  mc_p.l(entry2.o)
    0x080000d4   0x00000070   Code   RO         4415    .emb_text           port.o
    0x08000144   0x00000058   Code   RO            4    .text               startup_stm32f042x6.o
    0x0800019c   0x0000002c   Code   RO         5344    .text               mc_p.l(uidiv.o)
    0x080001c8   0x00000024   Code   RO         5348    .text               mc_p.l(memcpya.o)
    0x080001ec   0x00000024   Code   RO         5350    .text               mc_p.l(memseta.o)
    0x08000210   0x00000024   Code   RO         5368    .text               mc_p.l(init.o)
    0x08000234   0x00000056   Code   RO         5378    .text               mc_p.l(__dczerorl2.o)
    0x0800028a   0x00000004   Code   RO         3710    i.CDC_Control_FS    usbd_cdc_if.o
    0x0800028e   0x00000004   Code   RO         3711    i.CDC_DeInit_FS     usbd_cdc_if.o
    0x08000292   0x00000002   PAD
    0x08000294   0x00000024   Code   RO         3712    i.CDC_Init_FS       usbd_cdc_if.o
    0x080002b8   0x00000028   Code   RO         3713    i.CDC_Receive_FS    usbd_cdc_if.o
    0x080002e0   0x00000030   Code   RO         3714    i.CDC_Transmit_FS   usbd_cdc_if.o
    0x08000310   0x00000010   Code   RO         3879    i.DelayMKS          freertos.o
    0x08000320   0x00000002   Code   RO         3520    i.Error_Handler     main.o
    0x08000322   0x00000002   PAD
    0x08000324   0x0000013c   Code   RO         1712    i.HAL_GPIO_Init     stm32f0xx_hal_gpio.o
    0x08000460   0x0000000c   Code   RO         1716    i.HAL_GPIO_WritePin  stm32f0xx_hal_gpio.o
    0x0800046c   0x0000000c   Code   RO         1599    i.HAL_GetTick       stm32f0xx_hal.o
    0x08000478   0x00000010   Code   RO         1600    i.HAL_IncTick       stm32f0xx_hal.o
    0x08000488   0x00000020   Code   RO         1601    i.HAL_Init          stm32f0xx_hal.o
    0x080004a8   0x00000022   Code   RO         1602    i.HAL_InitTick      stm32f0xx_hal.o
    0x080004ca   0x00000002   PAD
    0x080004cc   0x00000044   Code   RO         3859    i.HAL_MspInit       stm32f0xx_hal_msp.o
    0x08000510   0x00000014   Code   RO         1036    i.HAL_NVIC_EnableIRQ  stm32f0xx_hal_cortex.o
    0x08000524   0x00000008   Code   RO         1040    i.HAL_NVIC_SetPriority  stm32f0xx_hal_cortex.o
    0x0800052c   0x0000003a   Code   RO         1771    i.HAL_PCDEx_PMAConfig  stm32f0xx_hal_pcd_ex.o
    0x08000566   0x00000018   Code   RO         3294    i.HAL_PCD_DataInStageCallback  usbd_conf.o
    0x0800057e   0x0000001c   Code   RO         3295    i.HAL_PCD_DataOutStageCallback  usbd_conf.o
    0x0800059a   0x00000002   PAD
    0x0800059c   0x00000168   Code   RO         1308    i.HAL_PCD_EP_Close  stm32f0xx_hal_pcd.o
    0x08000704   0x000000b4   Code   RO         1309    i.HAL_PCD_EP_ClrStall  stm32f0xx_hal_pcd.o
    0x080007b8   0x00000014   Code   RO         1311    i.HAL_PCD_EP_GetRxCount  stm32f0xx_hal_pcd.o
    0x080007cc   0x000002a4   Code   RO         1312    i.HAL_PCD_EP_Open   stm32f0xx_hal_pcd.o
    0x08000a70   0x00000138   Code   RO         1313    i.HAL_PCD_EP_Receive  stm32f0xx_hal_pcd.o
    0x08000ba8   0x00000094   Code   RO         1314    i.HAL_PCD_EP_SetStall  stm32f0xx_hal_pcd.o
    0x08000c3c   0x0000018c   Code   RO         1315    i.HAL_PCD_EP_Transmit  stm32f0xx_hal_pcd.o
    0x08000dc8   0x0000010c   Code   RO         1317    i.HAL_PCD_IRQHandler  stm32f0xx_hal_pcd.o
    0x08000ed4   0x0000009a   Code   RO         1320    i.HAL_PCD_Init      stm32f0xx_hal_pcd.o
    0x08000f6e   0x00000002   PAD
    0x08000f70   0x00000038   Code   RO         3300    i.HAL_PCD_MspInit   usbd_conf.o
    0x08000fa8   0x00000018   Code   RO         3301    i.HAL_PCD_ResetCallback  usbd_conf.o
    0x08000fc0   0x0000002c   Code   RO         3302    i.HAL_PCD_ResumeCallback  usbd_conf.o
    0x08000fec   0x00000010   Code   RO         3303    i.HAL_PCD_SOFCallback  usbd_conf.o
    0x08000ffc   0x0000002c   Code   RO         1326    i.HAL_PCD_SetAddress  stm32f0xx_hal_pcd.o
    0x08001028   0x00000016   Code   RO         3304    i.HAL_PCD_SetupStageCallback  usbd_conf.o
    0x0800103e   0x00000012   Code   RO         1328    i.HAL_PCD_Start     stm32f0xx_hal_pcd.o
    0x08001050   0x00000028   Code   RO         3305    i.HAL_PCD_SuspendCallback  usbd_conf.o
    0x08001078   0x00000048   Code   RO         2515    i.HAL_RCCEx_CRSConfig  stm32f0xx_hal_rcc_ex.o
    0x080010c0   0x0000010c   Code   RO         2526    i.HAL_RCCEx_PeriphCLKConfig  stm32f0xx_hal_rcc_ex.o
    0x080011cc   0x00000154   Code   RO         1129    i.HAL_RCC_ClockConfig  stm32f0xx_hal_rcc.o
    0x08001320   0x0000000c   Code   RO         1134    i.HAL_RCC_GetHCLKFreq  stm32f0xx_hal_rcc.o
    0x0800132c   0x00000020   Code   RO         1136    i.HAL_RCC_GetPCLK1Freq  stm32f0xx_hal_rcc.o
    0x0800134c   0x00000088   Code   RO         1137    i.HAL_RCC_GetSysClockFreq  stm32f0xx_hal_rcc.o
    0x080013d4   0x000003d8   Code   RO         1140    i.HAL_RCC_OscConfig  stm32f0xx_hal_rcc.o
    0x080017ac   0x00000090   Code   RO         3027    i.HAL_RS485Ex_Init  stm32f0xx_hal_uart_ex.o
    0x0800183c   0x00000002   Code   RO         1795    i.HAL_SPI_ErrorCallback  stm32f0xx_hal_spi.o
    0x0800183e   0x0000008a   Code   RO         1798    i.HAL_SPI_IRQHandler  stm32f0xx_hal_spi.o
    0x080018c8   0x000000d0   Code   RO         1799    i.HAL_SPI_Init      stm32f0xx_hal_spi.o
    0x08001998   0x00000054   Code   RO         3758    i.HAL_SPI_MspInit   spi.o
    0x080019ec   0x00000174   Code   RO         1807    i.HAL_SPI_Transmit  stm32f0xx_hal_spi.o
    0x08001b60   0x00000018   Code   RO         1042    i.HAL_SYSTICK_CLKSourceConfig  stm32f0xx_hal_cortex.o
    0x08001b78   0x00000030   Code   RO         1044    i.HAL_SYSTICK_Config  stm32f0xx_hal_cortex.o
    0x08001ba8   0x00000002   Code   RO           12    i.HAL_TIMEx_BreakCallback  stm32f0xx_hal_tim_ex.o
    0x08001baa   0x00000002   Code   RO           13    i.HAL_TIMEx_CommutationCallback  stm32f0xx_hal_tim_ex.o
    0x08001bac   0x00000048   Code   RO           29    i.HAL_TIMEx_MasterConfigSynchronization  stm32f0xx_hal_tim_ex.o
    0x08001bf4   0x00000034   Code   RO          357    i.HAL_TIM_Base_Init  stm32f0xx_hal_tim.o
    0x08001c28   0x0000005c   Code   RO         3941    i.HAL_TIM_Base_MspInit  tim.o
    0x08001c84   0x00000016   Code   RO          362    i.HAL_TIM_Base_Start_IT  stm32f0xx_hal_tim.o
    0x08001c9a   0x000000ee   Code   RO          366    i.HAL_TIM_ConfigClockSource  stm32f0xx_hal_tim.o
    0x08001d88   0x00000002   Code   RO          386    i.HAL_TIM_IC_CaptureCallback  stm32f0xx_hal_tim.o
    0x08001d8a   0x00000162   Code   RO          399    i.HAL_TIM_IRQHandler  stm32f0xx_hal_tim.o
    0x08001eec   0x00000002   Code   RO          402    i.HAL_TIM_OC_DelayElapsedCallback  stm32f0xx_hal_tim.o
    0x08001eee   0x00000002   Code   RO          429    i.HAL_TIM_PWM_PulseFinishedCallback  stm32f0xx_hal_tim.o
    0x08001ef0   0x00000020   Code   RO         3880    i.HAL_TIM_PeriodElapsedCallback  freertos.o
    0x08001f10   0x00000002   Code   RO          440    i.HAL_TIM_TriggerCallback  stm32f0xx_hal_tim.o
    0x08001f12   0x00000002   PAD
    0x08001f14   0x00000058   Code   RO         3220    i.HAL_UART_MspInit  usart.o
    0x08001f6c   0x00000002   Code   RO         3616    i.HardFault_Handler  stm32f0xx_it.o
    0x08001f6e   0x00000002   PAD
    0x08001f70   0x00000028   Code   RO         3881    i.MX_FREERTOS_Init  freertos.o
    0x08001f98   0x00000080   Code   RO         3260    i.MX_GPIO_Init      gpio.o
    0x08002018   0x0000004c   Code   RO         3759    i.MX_SPI1_Init      spi.o
    0x08002064   0x00000030   Code   RO         3942    i.MX_TIM17_Init     tim.o
    0x08002094   0x00000064   Code   RO         3943    i.MX_TIM3_Init      tim.o
    0x080020f8   0x00000040   Code   RO         3221    i.MX_USART2_UART_Init  usart.o
    0x08002138   0x00000034   Code   RO         3676    i.MX_USB_DEVICE_Init  usb_device.o
    0x0800216c   0x00000002   Code   RO         3617    i.NMI_Handler       stm32f0xx_it.o
    0x0800216e   0x00000002   PAD
    0x08002170   0x00000044   Code   RO         1046    i.NVIC_SetPriority  stm32f0xx_hal_cortex.o
    0x080021b4   0x00000338   Code   RO         1331    i.PCD_EP_ISR_Handler  stm32f0xx_hal_pcd.o
    0x080024ec   0x0000001e   Code   RO         1332    i.PCD_ReadPMA       stm32f0xx_hal_pcd.o
    0x0800250a   0x00000026   Code   RO         1333    i.PCD_WritePMA      stm32f0xx_hal_pcd.o
    0x08002530   0x00000010   Code   RO         3618    i.SPI1_IRQHandler   stm32f0xx_it.o
    0x08002540   0x00000032   Code   RO         1834    i.SPI_EndRxTxTransaction  stm32f0xx_hal_spi.o
    0x08002572   0x00000002   PAD
    0x08002574   0x000000a4   Code   RO         1841    i.SPI_WaitFifoStateUntilTimeout  stm32f0xx_hal_spi.o
    0x08002618   0x00000090   Code   RO         1842    i.SPI_WaitFlagStateUntilTimeout  stm32f0xx_hal_spi.o
    0x080026a8   0x00000002   Code   RO         4416    i.SVC_Handler       port.o
    0x080026aa   0x00000002   PAD
    0x080026ac   0x000000b0   Code   RO         3882    i.StartDefaultTask  freertos.o
    0x0800275c   0x0000000c   Code   RO         3619    i.SysTick_Handler   stm32f0xx_it.o
    0x08002768   0x000000ac   Code   RO         3521    i.SystemClock_Config  main.o
    0x08002814   0x0000005c   Code   RO         3186    i.SystemInit        system_stm32f0xx.o
    0x08002870   0x00000010   Code   RO         3620    i.TIM17_IRQHandler  stm32f0xx_it.o
    0x08002880   0x00000010   Code   RO         3621    i.TIM3_IRQHandler   stm32f0xx_it.o
    0x08002890   0x0000007c   Code   RO          441    i.TIM_Base_SetConfig  stm32f0xx_hal_tim.o
    0x0800290c   0x00000016   Code   RO          448    i.TIM_ETR_SetConfig  stm32f0xx_hal_tim.o
    0x08002922   0x00000010   Code   RO          449    i.TIM_ITRx_SetConfig  stm32f0xx_hal_tim.o
    0x08002932   0x00000022   Code   RO          455    i.TIM_TI1_ConfigInputStage  stm32f0xx_hal_tim.o
    0x08002954   0x00000026   Code   RO          457    i.TIM_TI2_ConfigInputStage  stm32f0xx_hal_tim.o
    0x0800297a   0x000000ca   Code   RO         2803    i.UART_AdvFeatureConfig  stm32f0xx_hal_uart.o
    0x08002a44   0x00000060   Code   RO         2804    i.UART_CheckIdleState  stm32f0xx_hal_uart.o
    0x08002aa4   0x00000130   Code   RO         2812    i.UART_SetConfig    stm32f0xx_hal_uart.o
    0x08002bd4   0x000000b2   Code   RO         2814    i.UART_WaitOnFlagUntilTimeout  stm32f0xx_hal_uart.o
    0x08002c86   0x0000001e   Code   RO         4040    i.USBD_CDC_DataIn   usbd_cdc.o
    0x08002ca4   0x00000034   Code   RO         4041    i.USBD_CDC_DataOut  usbd_cdc.o
    0x08002cd8   0x0000003c   Code   RO         4042    i.USBD_CDC_DeInit   usbd_cdc.o
    0x08002d14   0x00000028   Code   RO         4043    i.USBD_CDC_EP0_RxReady  usbd_cdc.o
    0x08002d3c   0x0000000c   Code   RO         4044    i.USBD_CDC_GetDeviceQualifierDescriptor  usbd_cdc.o
    0x08002d48   0x0000000c   Code   RO         4045    i.USBD_CDC_GetFSCfgDesc  usbd_cdc.o
    0x08002d54   0x0000000c   Code   RO         4046    i.USBD_CDC_GetHSCfgDesc  usbd_cdc.o
    0x08002d60   0x0000000c   Code   RO         4047    i.USBD_CDC_GetOtherSpeedCfgDesc  usbd_cdc.o
    0x08002d6c   0x0000008a   Code   RO         4048    i.USBD_CDC_Init     usbd_cdc.o
    0x08002df6   0x00000038   Code   RO         4049    i.USBD_CDC_ReceivePacket  usbd_cdc.o
    0x08002e2e   0x00000014   Code   RO         4050    i.USBD_CDC_RegisterInterface  usbd_cdc.o
    0x08002e42   0x00000014   Code   RO         4051    i.USBD_CDC_SetRxBuffer  usbd_cdc.o
    0x08002e56   0x00000016   Code   RO         4052    i.USBD_CDC_SetTxBuffer  usbd_cdc.o
    0x08002e6c   0x00000074   Code   RO         4053    i.USBD_CDC_Setup    usbd_cdc.o
    0x08002ee0   0x00000034   Code   RO         4054    i.USBD_CDC_TransmitPacket  usbd_cdc.o
    0x08002f14   0x00000010   Code   RO         4142    i.USBD_ClrClassConfig  usbd_core.o
    0x08002f24   0x00000010   Code   RO         3984    i.USBD_CtlContinueRx  usbd_ioreq.o
    0x08002f34   0x00000010   Code   RO         3985    i.USBD_CtlContinueSendData  usbd_ioreq.o
    0x08002f44   0x00000014   Code   RO         4276    i.USBD_CtlError     usbd_ctlreq.o
    0x08002f58   0x00000020   Code   RO         3986    i.USBD_CtlPrepareRx  usbd_ioreq.o
    0x08002f78   0x00000018   Code   RO         3987    i.USBD_CtlReceiveStatus  usbd_ioreq.o
    0x08002f90   0x0000001c   Code   RO         3988    i.USBD_CtlSendData  usbd_ioreq.o
    0x08002fac   0x00000018   Code   RO         3989    i.USBD_CtlSendStatus  usbd_ioreq.o
    0x08002fc4   0x00000020   Code   RO         3795    i.USBD_FS_ConfigStrDescriptor  usbd_desc.o
    0x08002fe4   0x0000000c   Code   RO         3796    i.USBD_FS_DeviceDescriptor  usbd_desc.o
    0x08002ff0   0x00000024   Code   RO         3797    i.USBD_FS_InterfaceStrDescriptor  usbd_desc.o
    0x08003014   0x0000000c   Code   RO         3798    i.USBD_FS_LangIDStrDescriptor  usbd_desc.o
    0x08003020   0x00000028   Code   RO         3799    i.USBD_FS_ManufacturerStrDescriptor  usbd_desc.o
    0x08003048   0x0000002c   Code   RO         3800    i.USBD_FS_ProductStrDescriptor  usbd_desc.o
    0x08003074   0x00000024   Code   RO         3801    i.USBD_FS_SerialStrDescriptor  usbd_desc.o
    0x08003098   0x000000e0   Code   RO         4277    i.USBD_GetDescriptor  usbd_ctlreq.o
    0x08003178   0x00000044   Code   RO         4278    i.USBD_GetString    usbd_ctlreq.o
    0x080031bc   0x00000032   Code   RO         4144    i.USBD_Init         usbd_core.o
    0x080031ee   0x00000012   Code   RO         3306    i.USBD_LL_ClearStallEP  usbd_conf.o
    0x08003200   0x00000012   Code   RO         3307    i.USBD_LL_CloseEP   usbd_conf.o
    0x08003212   0x000000b6   Code   RO         4145    i.USBD_LL_DataInStage  usbd_core.o
    0x080032c8   0x00000074   Code   RO         4146    i.USBD_LL_DataOutStage  usbd_core.o
    0x0800333c   0x00000010   Code   RO         3311    i.USBD_LL_GetRxDataSize  usbd_conf.o
    0x0800334c   0x00000088   Code   RO         3312    i.USBD_LL_Init      usbd_conf.o
    0x080033d4   0x00000024   Code   RO         3313    i.USBD_LL_IsStallEP  usbd_conf.o
    0x080033f8   0x00000018   Code   RO         3314    i.USBD_LL_OpenEP    usbd_conf.o
    0x08003410   0x00000012   Code   RO         3315    i.USBD_LL_PrepareReceive  usbd_conf.o
    0x08003422   0x00000046   Code   RO         4151    i.USBD_LL_Reset     usbd_core.o
    0x08003468   0x0000000c   Code   RO         4152    i.USBD_LL_Resume    usbd_core.o
    0x08003474   0x0000001e   Code   RO         4153    i.USBD_LL_SOF       usbd_core.o
    0x08003492   0x00000006   Code   RO         4154    i.USBD_LL_SetSpeed  usbd_core.o
    0x08003498   0x00000012   Code   RO         3316    i.USBD_LL_SetUSBAddress  usbd_conf.o
    0x080034aa   0x0000005e   Code   RO         4155    i.USBD_LL_SetupStage  usbd_core.o
    0x08003508   0x00000012   Code   RO         3317    i.USBD_LL_StallEP   usbd_conf.o
    0x0800351a   0x00000012   Code   RO         3318    i.USBD_LL_Start     usbd_conf.o
    0x0800352c   0x00000010   Code   RO         4156    i.USBD_LL_Suspend   usbd_core.o
    0x0800353c   0x00000012   Code   RO         3320    i.USBD_LL_Transmit  usbd_conf.o
    0x0800354e   0x00000028   Code   RO         4279    i.USBD_ParseSetupRequest  usbd_ctlreq.o
    0x08003576   0x00000016   Code   RO         4157    i.USBD_RegisterClass  usbd_core.o
    0x0800358c   0x0000001c   Code   RO         4159    i.USBD_SetClassConfig  usbd_core.o
    0x080035a8   0x00000070   Code   RO         4280    i.USBD_SetConfig    usbd_ctlreq.o
    0x08003618   0x0000000a   Code   RO         4160    i.USBD_Start        usbd_core.o
    0x08003622   0x000000ee   Code   RO         4281    i.USBD_StdDevReq    usbd_ctlreq.o
    0x08003710   0x000000ea   Code   RO         4282    i.USBD_StdEPReq     usbd_ctlreq.o
    0x080037fa   0x0000003a   Code   RO         4283    i.USBD_StdItfReq    usbd_ctlreq.o
    0x08003834   0x00000002   Code   RO         3321    i.USBD_static_free  usbd_conf.o
    0x08003836   0x00000002   PAD
    0x08003838   0x00000008   Code   RO         3322    i.USBD_static_malloc  usbd_conf.o
    0x08003840   0x00000010   Code   RO         3622    i.USB_IRQHandler    stm32f0xx_it.o
    0x08003850   0x0000001a   Code   RO          976    i.__ARM_common_switch8  stm32f0xx_hal_tim.o
    0x0800386a   0x0000000e   Code   RO         5372    i.__scatterload_copy  mc_p.l(handlers.o)
    0x08003878   0x00000002   Code   RO         5373    i.__scatterload_null  mc_p.l(handlers.o)
    0x0800387a   0x0000000e   Code   RO         5374    i.__scatterload_zeroinit  mc_p.l(handlers.o)
    0x08003888   0x00000026   Code   RO         3522    i.main              main.o
    0x080038ae   0x0000000c   Code   RO         4520    i.makeFreeRtosPriority  cmsis_os.o
    0x080038ba   0x00000010   Code   RO         4521    i.osDelay           cmsis_os.o
    0x080038ca   0x0000000a   Code   RO         4524    i.osKernelStart     cmsis_os.o
    0x080038d4   0x00000010   Code   RO         4553    i.osSystickHandler  cmsis_os.o
    0x080038e4   0x00000038   Code   RO         4554    i.osThreadCreate    cmsis_os.o
    0x0800391c   0x00000034   Code   RO         4912    i.prvAddCurrentTaskToDelayedList  tasks.o
    0x08003950   0x00000058   Code   RO         4913    i.prvCheckTasksWaitingTermination  tasks.o
    0x080039a8   0x00000048   Code   RO         4854    i.prvHeapInit       heap_4.o
    0x080039f0   0x00000018   Code   RO         4914    i.prvIdleTask       tasks.o
    0x08003a08   0x0000004c   Code   RO         4855    i.prvInsertBlockIntoFreeList  heap_4.o
    0x08003a54   0x00000020   Code   RO         4916    i.prvResetNextTaskUnblockTime  tasks.o
    0x08003a74   0x00000014   Code   RO         4417    i.prvTaskExitError  port.o
    0x08003a88   0x000000b0   Code   RO         4856    i.pvPortMalloc      heap_4.o
    0x08003b38   0x00000020   Code   RO         4418    i.pxPortInitialiseStack  port.o
    0x08003b58   0x00000024   Code   RO         4480    i.uxListRemove      list.o
    0x08003b7c   0x00000016   Code   RO         4481    i.vListInitialise   list.o
    0x08003b92   0x00000006   Code   RO         4482    i.vListInitialiseItem  list.o
    0x08003b98   0x00000030   Code   RO         4483    i.vListInsert       list.o
    0x08003bc8   0x00000018   Code   RO         4484    i.vListInsertEnd    list.o
    0x08003be0   0x00000018   Code   RO         4420    i.vPortEnterCritical  port.o
    0x08003bf8   0x0000001c   Code   RO         4421    i.vPortExitCritical  port.o
    0x08003c14   0x00000044   Code   RO         4857    i.vPortFree         heap_4.o
    0x08003c58   0x00000018   Code   RO         4422    i.vPortYield        port.o
    0x08003c70   0x0000003c   Code   RO         4926    i.vTaskDelay        tasks.o
    0x08003cac   0x0000004c   Code   RO         4938    i.vTaskStartScheduler  tasks.o
    0x08003cf8   0x00000010   Code   RO         4940    i.vTaskSuspendAll   tasks.o
    0x08003d08   0x00000058   Code   RO         4941    i.vTaskSwitchContext  tasks.o
    0x08003d60   0x0000004c   Code   RO         4423    i.xPortStartScheduler  port.o
    0x08003dac   0x00000024   Code   RO         4424    i.xPortSysTickHandler  port.o
    0x08003dd0   0x0000017c   Code   RO         4943    i.xTaskGenericCreate  tasks.o
    0x08003f4c   0x00000020   Code   RO         4947    i.xTaskGetSchedulerState  tasks.o
    0x08003f6c   0x000000c0   Code   RO         4950    i.xTaskIncrementTick  tasks.o
    0x0800402c   0x000000a8   Code   RO         4956    i.xTaskResumeAll    tasks.o
    0x080040d4   0x00000010   Data   RO         3187    .constdata          system_stm32f0xx.o
    0x080040e4   0x00000008   Data   RO         3188    .constdata          system_stm32f0xx.o
    0x080040ec   0x00000014   Data   RO         3883    .constdata          freertos.o
    0x08004100   0x0000000c   Data   RO         3884    .conststring        freertos.o
    0x0800410c   0x00000020   Data   RO         5370    Region$$Table       anon$$obj.o


    Execution Region RW_IRAM1 (Base: 0x20000000, Size: 0x00001580, Max: 0x00001800, ABSOLUTE, COMPRESSED[0x000000c4])

    Base Addr    Size         Type   Attr      Idx    E Section Name        Object

    0x20000000   0x00000004   Data   RW         1607    .data               stm32f0xx_hal.o
    0x20000004   0x00000004   Data   RW         3189    .data               system_stm32f0xx.o
    0x20000008   0x00000010   Data   RW         3715    .data               usbd_cdc_if.o
    0x20000018   0x00000008   Data   RW         3716    .data               usbd_cdc_if.o
    0x20000020   0x0000001c   Data   RW         3803    .data               usbd_desc.o
    0x2000003c   0x00000016   Data   RW         3804    .data               usbd_desc.o
    0x20000052   0x00000002   PAD
    0x20000054   0x00000008   Data   RW         3885    .data               freertos.o
    0x2000005c   0x000000db   Data   RW         4055    .data               usbd_cdc.o
    0x20000137   0x00000001   PAD
    0x20000138   0x00000038   Data   RW         4056    .data               usbd_cdc.o
    0x20000170   0x00000001   Data   RW         4284    .data               usbd_ctlreq.o
    0x20000171   0x00000003   PAD
    0x20000174   0x00000004   Data   RW         4425    .data               port.o
    0x20000178   0x00000018   Data   RW         4862    .data               heap_4.o
    0x20000190   0x00000038   Data   RW         4959    .data               tasks.o
    0x200001c8   0x00000070   Zero   RW         3222    .bss                usart.o
    0x20000238   0x00000440   Zero   RW         3323    .bss                usbd_conf.o
    0x20000678   0x00000224   Zero   RW         3677    .bss                usb_device.o
    0x2000089c   0x00000064   Zero   RW         3760    .bss                spi.o
    0x20000900   0x00000200   Zero   RW         3802    .bss                usbd_desc.o
    0x20000b00   0x00000078   Zero   RW         3944    .bss                tim.o
    0x20000b78   0x00000514   Zero   RW         4861    .bss                heap_4.o
    0x2000108c   0x000000f0   Zero   RW         4958    .bss                tasks.o
    0x2000117c   0x00000004   PAD
    0x20001180   0x00000400   Zero   RW            1    STACK               startup_stm32f042x6.o


==============================================================================

Image component sizes


      Code (inc. data)   RO Data    RW Data    ZI Data      Debug   Object Name

       110          0          0          0          0       7636   cmsis_os.o
         0          0          0          0          0       1472   event_groups.o
       264         36         32          8          0       3221   freertos.o
       128          8          0          0          0        843   gpio.o
       392         28          0         24       1300       4011   heap_4.o
       136          0          0          0          0       3194   list.o
       212          8          0          0          0      23088   main.o
       354         58          0          4          0       6572   port.o
       160         16          0          0        100       1445   spi.o
        88         38        192          0       1024        616   startup_stm32f042x6.o
        94         18          0          4          0       2899   stm32f0xx_hal.o
       168         28          0          0          0       9319   stm32f0xx_hal_cortex.o
       328         22          0          0          0       2228   stm32f0xx_hal_gpio.o
        68          8          0          0          0        758   stm32f0xx_hal_msp.o
      3468        144          0          0          0      13271   stm32f0xx_hal_pcd.o
        58          0          0          0          0       1182   stm32f0xx_hal_pcd_ex.o
      1504        102          0          0          0       4997   stm32f0xx_hal_rcc.o
       340         22          0          0          0       1986   stm32f0xx_hal_rcc_ex.o
      1078         20          0          0          0       6343   stm32f0xx_hal_spi.o
       934         20          0          0          0       9033   stm32f0xx_hal_tim.o
        76          0          0          0          0     477094   stm32f0xx_hal_tim_ex.o
       780         34          0          0          0       3907   stm32f0xx_hal_uart.o
       144          6          0          0          0       1343   stm32f0xx_hal_uart_ex.o
        80         24          0          0          0       2840   stm32f0xx_it.o
        92         14         24          4          0       1287   system_stm32f0xx.o
      1208         98          0         56        240      12442   tasks.o
       240         36          0          0        120       1973   tim.o
       152         16          0          0        112       1470   usart.o
        52         16          0          0        548        628   usb_device.o
       654         20          0        275          0      12146   usbd_cdc.o
       132         24          0         24          0       3006   usbd_cdc_if.o
       602         40          0          0       1088      17421   usbd_conf.o
       652          0          0          0          0       8812   usbd_core.o
       994         34          0          1          0       7532   usbd_ctlreq.o
       212        116          0         50        512       4627   usbd_desc.o
       140          0          0          0          0       4128   usbd_ioreq.o

    ----------------------------------------------------------------------
     16116       1054        280        456       5048     664770   Object Totals
         0          0         32          0          0          0   (incl. Generated)
        22          0          0          6          4          0   (incl. Padding)

    ----------------------------------------------------------------------

      Code (inc. data)   RO Data    RW Data    ZI Data      Debug   Library Member Name

        86          0          0          0          0          0   __dczerorl2.o
         0          0          0          0          0          0   entry.o
         0          0          0          0          0          0   entry10a.o
         0          0          0          0          0          0   entry11a.o
         8          4          0          0          0          0   entry2.o
         4          0          0          0          0          0   entry5.o
         0          0          0          0          0          0   entry7b.o
         0          0          0          0          0          0   entry8b.o
         8          4          0          0          0          0   entry9a.o
        30          0          0          0          0          0   handlers.o
        36          8          0          0          0         68   init.o
        36          0          0          0          0         60   memcpya.o
        36          0          0          0          0        100   memseta.o
        44          0          0          0          0         72   uidiv.o

    ----------------------------------------------------------------------
       288         16          0          0          0        300   Library Totals
         0          0          0          0          0          0   (incl. Padding)

    ----------------------------------------------------------------------

      Code (inc. data)   RO Data    RW Data    ZI Data      Debug   Library Name

       288         16          0          0          0        300   mc_p.l

    ----------------------------------------------------------------------
       288         16          0          0          0        300   Library Totals

    ----------------------------------------------------------------------

==============================================================================


      Code (inc. data)   RO Data    RW Data    ZI Data      Debug   

     16404       1070        280        456       5048     656750   Grand Totals
     16404       1070        280        196       5048     656750   ELF Image Totals (compressed)
     16404       1070        280        196          0          0   ROM Totals

==============================================================================

    Total RO  Size (Code + RO Data)                16684 (  16.29kB)
    Total RW  Size (RW Data + ZI Data)              5504 (   5.38kB)
    Total ROM Size (Code + RO Data + RW Data)      16880 (  16.48kB)

==============================================================================

